Archive member included to satisfy reference by file (symbol)

d:/tools/gcc-arm-none-eabi/10 2021.10/bin/../lib/gcc/arm-none-eabi/10.3.1/thumb/v7e-m+fp/hard\libgcc.a(_aeabi_uldivmod.o)
                              CMakeFiles/at32-clion-template.elf.dir/libraries/cmsis/cm4/device_support/system_at32f435_437.c.obj (__aeabi_uldivmod)
d:/tools/gcc-arm-none-eabi/10 2021.10/bin/../lib/gcc/arm-none-eabi/10.3.1/thumb/v7e-m+fp/hard\libgcc.a(_udivmoddi4.o)
                              d:/tools/gcc-arm-none-eabi/10 2021.10/bin/../lib/gcc/arm-none-eabi/10.3.1/thumb/v7e-m+fp/hard\libgcc.a(_aeabi_uldivmod.o) (__udivmoddi4)
d:/tools/gcc-arm-none-eabi/10 2021.10/bin/../lib/gcc/arm-none-eabi/10.3.1/thumb/v7e-m+fp/hard\libgcc.a(_dvmd_tls.o)
                              d:/tools/gcc-arm-none-eabi/10 2021.10/bin/../lib/gcc/arm-none-eabi/10.3.1/thumb/v7e-m+fp/hard\libgcc.a(_aeabi_uldivmod.o) (__aeabi_ldiv0)
d:/tools/gcc-arm-none-eabi/10 2021.10/bin/../lib/gcc/arm-none-eabi/10.3.1/../../../../arm-none-eabi/lib/thumb/v7e-m+fp/hard\libg_nano.a(lib_a-exit.o)
                              d:/tools/gcc-arm-none-eabi/10 2021.10/bin/../lib/gcc/arm-none-eabi/10.3.1/../../../../arm-none-eabi/lib/thumb/v7e-m+fp/hard/crt0.o (exit)
d:/tools/gcc-arm-none-eabi/10 2021.10/bin/../lib/gcc/arm-none-eabi/10.3.1/../../../../arm-none-eabi/lib/thumb/v7e-m+fp/hard\libg_nano.a(lib_a-impure.o)
                              d:/tools/gcc-arm-none-eabi/10 2021.10/bin/../lib/gcc/arm-none-eabi/10.3.1/../../../../arm-none-eabi/lib/thumb/v7e-m+fp/hard\libg_nano.a(lib_a-exit.o) (_global_impure_ptr)
d:/tools/gcc-arm-none-eabi/10 2021.10/bin/../lib/gcc/arm-none-eabi/10.3.1/../../../../arm-none-eabi/lib/thumb/v7e-m+fp/hard\libg_nano.a(lib_a-init.o)
                              d:/tools/gcc-arm-none-eabi/10 2021.10/bin/../lib/gcc/arm-none-eabi/10.3.1/../../../../arm-none-eabi/lib/thumb/v7e-m+fp/hard/crt0.o (__libc_init_array)
d:/tools/gcc-arm-none-eabi/10 2021.10/bin/../lib/gcc/arm-none-eabi/10.3.1/../../../../arm-none-eabi/lib/thumb/v7e-m+fp/hard\libg_nano.a(lib_a-memcpy-stub.o)
                              CMakeFiles/at32-clion-template.elf.dir/middlewares/FreeRTOS/queue.c.obj (memcpy)
d:/tools/gcc-arm-none-eabi/10 2021.10/bin/../lib/gcc/arm-none-eabi/10.3.1/../../../../arm-none-eabi/lib/thumb/v7e-m+fp/hard\libg_nano.a(lib_a-memset.o)
                              d:/tools/gcc-arm-none-eabi/10 2021.10/bin/../lib/gcc/arm-none-eabi/10.3.1/../../../../arm-none-eabi/lib/thumb/v7e-m+fp/hard/crt0.o (memset)
d:/tools/gcc-arm-none-eabi/10 2021.10/bin/../lib/gcc/arm-none-eabi/10.3.1/../../../../arm-none-eabi/lib/thumb/v7e-m+fp/hard\libg_nano.a(lib_a-nano-vfprintf_float.o)
                              (_printf_float)
d:/tools/gcc-arm-none-eabi/10 2021.10/bin/../lib/gcc/arm-none-eabi/10.3.1/../../../../arm-none-eabi/lib/thumb/v7e-m+fp/hard\libg_nano.a(lib_a-nano-vfprintf_i.o)
                              d:/tools/gcc-arm-none-eabi/10 2021.10/bin/../lib/gcc/arm-none-eabi/10.3.1/../../../../arm-none-eabi/lib/thumb/v7e-m+fp/hard\libg_nano.a(lib_a-nano-vfprintf_float.o) (_printf_common)
d:/tools/gcc-arm-none-eabi/10 2021.10/bin/../lib/gcc/arm-none-eabi/10.3.1/../../../../arm-none-eabi/lib/thumb/v7e-m+fp/hard\libg_nano.a(lib_a-strlen.o)
                              d:/tools/gcc-arm-none-eabi/10 2021.10/bin/../lib/gcc/arm-none-eabi/10.3.1/../../../../arm-none-eabi/lib/thumb/v7e-m+fp/hard\libg_nano.a(lib_a-nano-vfprintf_float.o) (strlen)
d:/tools/gcc-arm-none-eabi/10 2021.10/bin/../lib/gcc/arm-none-eabi/10.3.1/../../../../arm-none-eabi/lib/thumb/v7e-m+fp/hard\libg_nano.a(lib_a-dtoa.o)
                              d:/tools/gcc-arm-none-eabi/10 2021.10/bin/../lib/gcc/arm-none-eabi/10.3.1/../../../../arm-none-eabi/lib/thumb/v7e-m+fp/hard\libg_nano.a(lib_a-nano-vfprintf_float.o) (_dtoa_r)
d:/tools/gcc-arm-none-eabi/10 2021.10/bin/../lib/gcc/arm-none-eabi/10.3.1/../../../../arm-none-eabi/lib/thumb/v7e-m+fp/hard\libg_nano.a(lib_a-localeconv.o)
                              d:/tools/gcc-arm-none-eabi/10 2021.10/bin/../lib/gcc/arm-none-eabi/10.3.1/../../../../arm-none-eabi/lib/thumb/v7e-m+fp/hard\libg_nano.a(lib_a-nano-vfprintf_float.o) (_localeconv_r)
d:/tools/gcc-arm-none-eabi/10 2021.10/bin/../lib/gcc/arm-none-eabi/10.3.1/../../../../arm-none-eabi/lib/thumb/v7e-m+fp/hard\libg_nano.a(lib_a-malloc.o)
                              d:/tools/gcc-arm-none-eabi/10 2021.10/bin/../lib/gcc/arm-none-eabi/10.3.1/../../../../arm-none-eabi/lib/thumb/v7e-m+fp/hard\libg_nano.a(lib_a-dtoa.o) (malloc)
d:/tools/gcc-arm-none-eabi/10 2021.10/bin/../lib/gcc/arm-none-eabi/10.3.1/../../../../arm-none-eabi/lib/thumb/v7e-m+fp/hard\libg_nano.a(lib_a-memchr.o)
                              d:/tools/gcc-arm-none-eabi/10 2021.10/bin/../lib/gcc/arm-none-eabi/10.3.1/../../../../arm-none-eabi/lib/thumb/v7e-m+fp/hard\libg_nano.a(lib_a-nano-vfprintf_i.o) (memchr)
[...]
Memory Configuration

Name             Origin             Length             Attributes
FLASH            0x08000000         0x00100000         xr
RAM              0x20000000         0x00060000         xrw
*default*        0x00000000         0xffffffff

Linker script and memory map

LOAD d:/tools/gcc-arm-none-eabi/10 2021.10/bin/../lib/gcc/arm-none-eabi/10.3.1/thumb/v7e-m+fp/hard/crti.o
LOAD d:/tools/gcc-arm-none-eabi/10 2021.10/bin/../lib/gcc/arm-none-eabi/10.3.1/thumb/v7e-m+fp/hard/crtbegin.o
LOAD d:/tools/gcc-arm-none-eabi/10 2021.10/bin/../lib/gcc/arm-none-eabi/10.3.1/../../../../arm-none-eabi/lib/thumb/v7e-m+fp/hard/crt0.o
LOAD CMakeFiles/at32-clion-template.elf.dir/applications/src/main.c.obj
LOAD CMakeFiles/at32-clion-template.elf.dir/applications/src/at32f435_437_clock.c.obj
LOAD CMakeFiles/at32-clion-template.elf.dir/applications/src/at32f435_437_int.c.obj
LOAD CMakeFiles/at32-clion-template.elf.dir/applications/src/startup_at32f435_437.s.obj
LOAD CMakeFiles/at32-clion-template.elf.dir/libraries/cmsis/cm4/device_support/system_at32f435_437.c.obj
LOAD CMakeFiles/at32-clion-template.elf.dir/applications/src/freertos.c.obj
LOAD CMakeFiles/at32-clion-template.elf.dir/applications/src/startup_task.c.obj
LOAD CMakeFiles/at32-clion-template.elf.dir/bsp/src/bsp_board.c.obj
LOAD CMakeFiles/at32-clion-template.elf.dir/bsp/src/bsp_delay.c.obj
LOAD CMakeFiles/at32-clion-template.elf.dir/libraries/drivers/src/at32f435_437_acc.c.obj
LOAD CMakeFiles/at32-clion-template.elf.dir/libraries/drivers/src/at32f435_437_adc.c.obj
LOAD CMakeFiles/at32-clion-template.elf.dir/libraries/drivers/src/at32f435_437_can.c.obj
LOAD CMakeFiles/at32-clion-template.elf.dir/libraries/drivers/src/at32f435_437_crc.c.obj
LOAD CMakeFiles/at32-clion-template.elf.dir/libraries/drivers/src/at32f435_437_crm.c.obj
LOAD CMakeFiles/at32-clion-template.elf.dir/libraries/drivers/src/at32f435_437_dac.c.obj
LOAD CMakeFiles/at32-clion-template.elf.dir/libraries/drivers/src/at32f435_437_debug.c.obj
LOAD CMakeFiles/at32-clion-template.elf.dir/libraries/drivers/src/at32f435_437_dma.c.obj
LOAD CMakeFiles/at32-clion-template.elf.dir/libraries/drivers/src/at32f435_437_dvp.c.obj
LOAD CMakeFiles/at32-clion-template.elf.dir/libraries/drivers/src/at32f435_437_edma.c.obj
LOAD CMakeFiles/at32-clion-template.elf.dir/libraries/drivers/src/at32f435_437_emac.c.obj
LOAD CMakeFiles/at32-clion-template.elf.dir/libraries/drivers/src/at32f435_437_ertc.c.obj
LOAD CMakeFiles/at32-clion-template.elf.dir/libraries/drivers/src/at32f435_437_exint.c.obj
LOAD CMakeFiles/at32-clion-template.elf.dir/libraries/drivers/src/at32f435_437_flash.c.obj
LOAD CMakeFiles/at32-clion-template.elf.dir/libraries/drivers/src/at32f435_437_gpio.c.obj
LOAD CMakeFiles/at32-clion-template.elf.dir/libraries/drivers/src/at32f435_437_i2c.c.obj
LOAD CMakeFiles/at32-clion-template.elf.dir/libraries/drivers/src/at32f435_437_misc.c.obj
LOAD CMakeFiles/at32-clion-template.elf.dir/libraries/drivers/src/at32f435_437_pwc.c.obj
LOAD CMakeFiles/at32-clion-template.elf.dir/libraries/drivers/src/at32f435_437_qspi.c.obj
LOAD CMakeFiles/at32-clion-template.elf.dir/libraries/drivers/src/at32f435_437_scfg.c.obj
LOAD CMakeFiles/at32-clion-template.elf.dir/libraries/drivers/src/at32f435_437_sdio.c.obj
LOAD CMakeFiles/at32-clion-template.elf.dir/libraries/drivers/src/at32f435_437_spi.c.obj
LOAD CMakeFiles/at32-clion-template.elf.dir/libraries/drivers/src/at32f435_437_tmr.c.obj
LOAD CMakeFiles/at32-clion-template.elf.dir/libraries/drivers/src/at32f435_437_usart.c.obj
LOAD CMakeFiles/at32-clion-template.elf.dir/libraries/drivers/src/at32f435_437_usb.c.obj
LOAD CMakeFiles/at32-clion-template.elf.dir/libraries/drivers/src/at32f435_437_wdt.c.obj
LOAD CMakeFiles/at32-clion-template.elf.dir/libraries/drivers/src/at32f435_437_wwdt.c.obj
LOAD CMakeFiles/at32-clion-template.elf.dir/libraries/drivers/src/at32f435_437_xmc.c.obj
LOAD CMakeFiles/at32-clion-template.elf.dir/middlewares/FreeRTOS/croutine.c.obj
LOAD CMakeFiles/at32-clion-template.elf.dir/middlewares/FreeRTOS/event_groups.c.obj
LOAD CMakeFiles/at32-clion-template.elf.dir/middlewares/FreeRTOS/list.c.obj
LOAD CMakeFiles/at32-clion-template.elf.dir/middlewares/FreeRTOS/portable/GCC/ARM_CM4F/port.c.obj
LOAD CMakeFiles/at32-clion-template.elf.dir/middlewares/FreeRTOS/portable/MemMang/heap_4.c.obj
LOAD CMakeFiles/at32-clion-template.elf.dir/middlewares/FreeRTOS/queue.c.obj
LOAD CMakeFiles/at32-clion-template.elf.dir/middlewares/FreeRTOS/stream_buffer.c.obj
LOAD CMakeFiles/at32-clion-template.elf.dir/middlewares/FreeRTOS/tasks.c.obj
LOAD CMakeFiles/at32-clion-template.elf.dir/middlewares/FreeRTOS/timers.c.obj
START GROUP
LOAD d:/tools/gcc-arm-none-eabi/10 2021.10/bin/../lib/gcc/arm-none-eabi/10.3.1/thumb/v7e-m+fp/hard\libgcc.a
LOAD d:/tools/gcc-arm-none-eabi/10 2021.10/bin/../lib/gcc/arm-none-eabi/10.3.1/../../../../arm-none-eabi/lib/thumb/v7e-m+fp/hard\libg_nano.a
LOAD d:/tools/gcc-arm-none-eabi/10 2021.10/bin/../lib/gcc/arm-none-eabi/10.3.1/../../../../arm-none-eabi/lib/thumb/v7e-m+fp/hard\libc_nano.a
END GROUP
START GROUP
LOAD d:/tools/gcc-arm-none-eabi/10 2021.10/bin/../lib/gcc/arm-none-eabi/10.3.1/thumb/v7e-m+fp/hard\libgcc.a
LOAD d:/tools/gcc-arm-none-eabi/10 2021.10/bin/../lib/gcc/arm-none-eabi/10.3.1/../../../../arm-none-eabi/lib/thumb/v7e-m+fp/hard\libc_nano.a
LOAD d:/tools/gcc-arm-none-eabi/10 2021.10/bin/../lib/gcc/arm-none-eabi/10.3.1/../../../../arm-none-eabi/lib/thumb/v7e-m+fp/hard\libnosys.a
END GROUP
START GROUP
LOAD d:/tools/gcc-arm-none-eabi/10 2021.10/bin/../lib/gcc/arm-none-eabi/10.3.1/thumb/v7e-m+fp/hard\libgcc.a
LOAD d:/tools/gcc-arm-none-eabi/10 2021.10/bin/../lib/gcc/arm-none-eabi/10.3.1/../../../../arm-none-eabi/lib/thumb/v7e-m+fp/hard\libc_nano.a
LOAD d:/tools/gcc-arm-none-eabi/10 2021.10/bin/../lib/gcc/arm-none-eabi/10.3.1/../../../../arm-none-eabi/lib/thumb/v7e-m+fp/hard\libnosys.a
END GROUP
LOAD d:/tools/gcc-arm-none-eabi/10 2021.10/bin/../lib/gcc/arm-none-eabi/10.3.1/thumb/v7e-m+fp/hard/crtend.o
LOAD d:/tools/gcc-arm-none-eabi/10 2021.10/bin/../lib/gcc/arm-none-eabi/10.3.1/thumb/v7e-m+fp/hard/crtn.o
                0x20060000                _estack = 0x20060000
                0x00000200                _Min_Heap_Size = 0x200
                0x00000400                _Min_Stack_Size = 0x400

.isr_vector     0x08000000      0x20c
                0x08000000                . = ALIGN (0x4)
 *(.isr_vector)
 .isr_vector    0x08000000      0x20c CMakeFiles/at32-clion-template.elf.dir/applications/src/startup_at32f435_437.s.obj
                0x08000000                g_pfnVectors
                0x0800020c                . = ALIGN (0x4)

.text           0x08000210     0x53c4
                0x08000210                . = ALIGN (0x4)
 *(.text)
 .text          0x08000210       0x40 d:/tools/gcc-arm-none-eabi/10 2021.10/bin/../lib/gcc/arm-none-eabi/10.3.1/thumb/v7e-m+fp/hard/crtbegin.o
 .text          0x08000250       0x30 d:/tools/gcc-arm-none-eabi/10 2021.10/bin/../lib/gcc/arm-none-eabi/10.3.1/thumb/v7e-m+fp/hard\libgcc.a(_aeabi_uldivmod.o)
                0x08000250                __aeabi_uldivmod
 .text          0x08000280      0x2d0 d:/tools/gcc-arm-none-eabi/10 2021.10/bin/../lib/gcc/arm-none-eabi/10.3.1/thumb/v7e-m+fp/hard\libgcc.a(_udivmoddi4.o)
                0x08000280                __udivmoddi4
 .text          0x08000550        0x4 d:/tools/gcc-arm-none-eabi/10 2021.10/bin/../lib/gcc/arm-none-eabi/10.3.1/thumb/v7e-m+fp/hard\libgcc.a(_dvmd_tls.o)
                0x08000550                __aeabi_idiv0
                0x08000550                __aeabi_ldiv0
 .text          0x08000554       0x10 d:/tools/gcc-arm-none-eabi/10 2021.10/bin/../lib/gcc/arm-none-eabi/10.3.1/../../../../arm-none-eabi/lib/thumb/v7e-m+fp/hard\libg_nano.a(lib_a-strlen.o)
                0x08000554                strlen
 *fill*         0x08000564        0xc 
 .text          0x08000570       0xa0 d:/tools/gcc-arm-none-eabi/10 2021.10/bin/../lib/gcc/arm-none-eabi/10.3.1/../../../../arm-none-eabi/lib/thumb/v7e-m+fp/hard\libg_nano.a(lib_a-memchr.o)
                0x08000570                memchr
 .text          0x08000610      0x378 d:/tools/gcc-arm-none-eabi/10 2021.10/bin/../lib/gcc/arm-none-eabi/10.3.1/thumb/v7e-m+fp/hard\libgcc.a(_arm_addsubdf3.o)
                0x08000610                __aeabi_drsub
                0x08000618                __aeabi_dsub
                0x08000618                __subdf3
                0x0800061c                __aeabi_dadd
                0x0800061c                __adddf3
                0x08000894                __floatunsidf
                0x08000894                __aeabi_ui2d
                0x080008b4                __floatsidf
                0x080008b4                __aeabi_i2d
                0x080008d8                __aeabi_f2d
                0x080008d8                __extendsfdf2
                0x0800091c                __floatundidf
                0x0800091c                __aeabi_ul2d
                0x0800092c                __floatdidf
                0x0800092c                __aeabi_l2d
 .text          0x08000988      0x424 d:/tools/gcc-arm-none-eabi/10 2021.10/bin/../lib/gcc/arm-none-eabi/10.3.1/thumb/v7e-m+fp/hard\libgcc.a(_arm_muldivdf3.o)
                0x08000988                __aeabi_dmul
                0x08000988                __muldf3
                0x08000bdc                __divdf3
                0x08000bdc                __aeabi_ddiv
 .text          0x08000dac      0x110 d:/tools/gcc-arm-none-eabi/10 2021.10/bin/../lib/gcc/arm-none-eabi/10.3.1/thumb/v7e-m+fp/hard\libgcc.a(_arm_cmpdf2.o)
                0x08000dac                __gtdf2
                0x08000dac                __gedf2
                0x08000db4                __ltdf2
                0x08000db4                __ledf2
                0x08000dbc                __nedf2
                0x08000dbc                __eqdf2
                0x08000dbc                __cmpdf2
                0x08000e38                __aeabi_cdrcmple
                0x08000e48                __aeabi_cdcmpeq
                0x08000e48                __aeabi_cdcmple
                0x08000e58                __aeabi_dcmpeq
                0x08000e6c                __aeabi_dcmplt
                0x08000e80                __aeabi_dcmple
                0x08000e94                __aeabi_dcmpge
                0x08000ea8                __aeabi_dcmpgt
 .text          0x08000ebc       0x2c d:/tools/gcc-arm-none-eabi/10 2021.10/bin/../lib/gcc/arm-none-eabi/10.3.1/thumb/v7e-m+fp/hard\libgcc.a(_arm_unorddf2.o)
                0x08000ebc                __unorddf2
                0x08000ebc                __aeabi_dcmpun
 .text          0x08000ee8       0x50 d:/tools/gcc-arm-none-eabi/10 2021.10/bin/../lib/gcc/arm-none-eabi/10.3.1/thumb/v7e-m+fp/hard\libgcc.a(_arm_fixdfsi.o)
                0x08000ee8                __aeabi_d2iz
                0x08000ee8                __fixdfsi
 *(.text*)
 .text.main     0x08000f38       0x12 CMakeFiles/at32-clion-template.elf.dir/applications/src/main.c.obj
                0x08000f38                main
 *fill*         0x08000f4a        0x2 
 .text.system_clock_config
                0x08000f4c       0xa4 CMakeFiles/at32-clion-template.elf.dir/applications/src/at32f435_437_clock.c.obj
                0x08000f4c                system_clock_config
 .text.NMI_Handler
                0x08000ff0        0xe CMakeFiles/at32-clion-template.elf.dir/applications/src/at32f435_437_int.c.obj
                0x08000ff0                NMI_Handler
 .text.HardFault_Handler
                0x08000ffe        0x6 CMakeFiles/at32-clion-template.elf.dir/applications/src/at32f435_437_int.c.obj
                0x08000ffe                HardFault_Handler
 .text.MemManage_Handler
                0x08001004        0x6 CMakeFiles/at32-clion-template.elf.dir/applications/src/at32f435_437_int.c.obj
                0x08001004                MemManage_Handler
 .text.BusFault_Handler
                0x0800100a        0x6 CMakeFiles/at32-clion-template.elf.dir/applications/src/at32f435_437_int.c.obj
                0x0800100a                BusFault_Handler
 .text.UsageFault_Handler
                0x08001010        0x6 CMakeFiles/at32-clion-template.elf.dir/applications/src/at32f435_437_int.c.obj
                0x08001010                UsageFault_Handler
 .text.DebugMon_Handler
                0x08001016        0xe CMakeFiles/at32-clion-template.elf.dir/applications/src/at32f435_437_int.c.obj
                0x08001016                DebugMon_Handler
 .text.Reset_Handler
                0x08001024       0x48 CMakeFiles/at32-clion-template.elf.dir/applications/src/startup_at32f435_437.s.obj
                0x08001024                Reset_Handler
 .text.Default_Handler
                0x0800106c        0x2 CMakeFiles/at32-clion-template.elf.dir/applications/src/startup_at32f435_437.s.obj
                0x0800106c                SDIO1_IRQHandler
                0x0800106c                XMC_IRQHandler
                0x0800106c                EXINT2_IRQHandler
                0x0800106c                TMR20_TRG_HALL_IRQHandler
                0x0800106c                UART8_IRQHandler
                0x0800106c                SPI4_IRQHandler
                0x0800106c                I2C2_EVT_IRQHandler
                0x0800106c                TMR20_CH_IRQHandler
                0x0800106c                TMR1_OVF_TMR10_IRQHandler
                0x0800106c                TMR8_TRG_HALL_TMR14_IRQHandler
                0x0800106c                I2C1_ERR_IRQHandler
                0x0800106c                EXINT9_5_IRQHandler
                0x0800106c                TAMP_STAMP_IRQHandler
                0x0800106c                EMAC_IRQHandler
                0x0800106c                EDMA_Stream7_IRQHandler
                0x0800106c                CAN2_RX1_IRQHandler
                0x0800106c                TMR5_GLOBAL_IRQHandler
                0x0800106c                TMR20_OVF_IRQHandler
                0x0800106c                EDMA_Stream2_IRQHandler
                0x0800106c                CAN1_RX0_IRQHandler
                0x0800106c                FPU_IRQHandler
                0x0800106c                EDMA_Stream3_IRQHandler
                0x0800106c                SDIO2_IRQHandler
                0x0800106c                OTGFS2_IRQHandler
                0x0800106c                SPI1_IRQHandler
                0x0800106c                TMR6_DAC_GLOBAL_IRQHandler
                0x0800106c                CAN2_RX0_IRQHandler
                0x0800106c                OTGFS1_IRQHandler
                0x0800106c                DMA2_Channel2_IRQHandler
                0x0800106c                DMA1_Channel4_IRQHandler
                0x0800106c                TMR8_CH_IRQHandler
                0x0800106c                EDMA_Stream4_IRQHandler
                0x0800106c                USART6_IRQHandler
                0x0800106c                EXINT0_IRQHandler
                0x0800106c                USART3_IRQHandler
                0x0800106c                DMA1_Channel7_IRQHandler
                0x0800106c                CAN1_RX1_IRQHandler
                0x0800106c                DVP_IRQHandler
                0x0800106c                UART5_IRQHandler
                0x0800106c                ACC_IRQHandler
                0x0800106c                DMAMUX_IRQHandler
                0x0800106c                EMAC_WKUP_IRQHandler
                0x0800106c                DMA2_Channel1_IRQHandler
                0x0800106c                OTGFS2_WKUP_IRQHandler
                0x0800106c                EXINT3_IRQHandler
                0x0800106c                DMA1_Channel6_IRQHandler
                0x0800106c                UART4_IRQHandler
                0x0800106c                DMA2_Channel4_IRQHandler
                0x0800106c                ERTCAlarm_IRQHandler
                0x0800106c                DMA1_Channel1_IRQHandler
                0x0800106c                Default_Handler
                0x0800106c                DMA2_Channel7_IRQHandler
                0x0800106c                TMR20_BRK_IRQHandler
                0x0800106c                QSPI1_IRQHandler
                0x0800106c                TMR3_GLOBAL_IRQHandler
                0x0800106c                TMR7_GLOBAL_IRQHandler
                0x0800106c                CAN1_SE_IRQHandler
                0x0800106c                CAN2_TX_IRQHandler
                0x0800106c                I2C3_ERR_IRQHandler
                0x0800106c                SPI3_I2S3EXT_IRQHandler
                0x0800106c                TMR1_BRK_TMR9_IRQHandler
                0x0800106c                TMR8_BRK_TMR12_IRQHandler
                0x0800106c                TMR1_TRG_HALL_TMR11_IRQHandler
                0x0800106c                CAN1_TX_IRQHandler
                0x0800106c                DMA2_Channel5_IRQHandler
                0x0800106c                DMA1_Channel5_IRQHandler
                0x0800106c                EDMA_Stream6_IRQHandler
                0x0800106c                QSPI2_IRQHandler
                0x0800106c                TMR4_GLOBAL_IRQHandler
                0x0800106c                EXINT4_IRQHandler
                0x0800106c                CAN2_SE_IRQHandler
                0x0800106c                PVM_IRQHandler
                0x0800106c                I2C3_EVT_IRQHandler
                0x0800106c                DMA1_Channel3_IRQHandler
                0x0800106c                I2C1_EVT_IRQHandler
                0x0800106c                TMR8_OVF_TMR13_IRQHandler
                0x0800106c                DMA2_Channel6_IRQHandler
                0x0800106c                EDMA_Stream5_IRQHandler
                0x0800106c                EDMA_Stream1_IRQHandler
                0x0800106c                EXINT1_IRQHandler
                0x0800106c                UART7_IRQHandler
                0x0800106c                USART2_IRQHandler
                0x0800106c                DMA1_Channel2_IRQHandler
                0x0800106c                TMR2_GLOBAL_IRQHandler
                0x0800106c                ERTC_WKUP_IRQHandler
                0x0800106c                FLASH_IRQHandler
                0x0800106c                SPI2_I2S2EXT_IRQHandler
                0x0800106c                I2C2_ERR_IRQHandler
                0x0800106c                USART1_IRQHandler
                0x0800106c                TMR1_CH_IRQHandler
                0x0800106c                CRM_IRQHandler
                0x0800106c                EDMA_Stream8_IRQHandler
                0x0800106c                OTGFS1_WKUP_IRQHandler
                0x0800106c                EXINT15_10_IRQHandler
                0x0800106c                ADC1_2_3_IRQHandler
                0x0800106c                WWDT_IRQHandler
                0x0800106c                DMA2_Channel3_IRQHandler
 *fill*         0x0800106e        0x2 
 .text.SystemInit
                0x08001070       0x94 CMakeFiles/at32-clion-template.elf.dir/libraries/cmsis/cm4/device_support/system_at32f435_437.c.obj
                0x08001070                SystemInit
 .text.system_core_clock_update
                0x08001104      0x154 CMakeFiles/at32-clion-template.elf.dir/libraries/cmsis/cm4/device_support/system_at32f435_437.c.obj
                0x08001104                system_core_clock_update
 .text.startup_task_create
                0x08001258       0x30 CMakeFiles/at32-clion-template.elf.dir/applications/src/freertos.c.obj
                0x08001258                startup_task_create
 .text.startup_task_entry
                0x08001288       0x18 CMakeFiles/at32-clion-template.elf.dir/applications/src/startup_task.c.obj
                0x08001288                startup_task_entry
 .text.crm_reset
                0x080012a0       0x78 CMakeFiles/at32-clion-template.elf.dir/libraries/drivers/src/at32f435_437_crm.c.obj
                0x080012a0                crm_reset
 .text.crm_flag_get
                0x08001318       0x50 CMakeFiles/at32-clion-template.elf.dir/libraries/drivers/src/at32f435_437_crm.c.obj
                0x08001318                crm_flag_get
 .text.crm_hext_stable_wait
                0x08001368       0x4a CMakeFiles/at32-clion-template.elf.dir/libraries/drivers/src/at32f435_437_crm.c.obj
                0x08001368                crm_hext_stable_wait
 .text.crm_periph_clock_enable
                0x080013b2       0x7c CMakeFiles/at32-clion-template.elf.dir/libraries/drivers/src/at32f435_437_crm.c.obj
                0x080013b2                crm_periph_clock_enable
 *fill*         0x0800142e        0x2 
 .text.crm_clock_source_enable
                0x08001430       0xa8 CMakeFiles/at32-clion-template.elf.dir/libraries/drivers/src/at32f435_437_crm.c.obj
                0x08001430                crm_clock_source_enable
 .text.crm_ahb_div_set
                0x080014d8       0x2c CMakeFiles/at32-clion-template.elf.dir/libraries/drivers/src/at32f435_437_crm.c.obj
                0x080014d8                crm_ahb_div_set
 .text.crm_apb1_div_set
                0x08001504       0x2c CMakeFiles/at32-clion-template.elf.dir/libraries/drivers/src/at32f435_437_crm.c.obj
                0x08001504                crm_apb1_div_set
 .text.crm_apb2_div_set
                0x08001530       0x2c CMakeFiles/at32-clion-template.elf.dir/libraries/drivers/src/at32f435_437_crm.c.obj
                0x08001530                crm_apb2_div_set
 .text.crm_auto_step_mode_enable
                0x0800155c       0x40 CMakeFiles/at32-clion-template.elf.dir/libraries/drivers/src/at32f435_437_crm.c.obj
                0x0800155c                crm_auto_step_mode_enable
 .text.crm_pll_config
                0x0800159c       0x88 CMakeFiles/at32-clion-template.elf.dir/libraries/drivers/src/at32f435_437_crm.c.obj
                0x0800159c                crm_pll_config
 .text.crm_sysclk_switch
                0x08001624       0x54 CMakeFiles/at32-clion-template.elf.dir/libraries/drivers/src/at32f435_437_crm.c.obj
                0x08001624                crm_sysclk_switch
 .text.crm_sysclk_switch_status_get
                0x08001678       0x1c CMakeFiles/at32-clion-template.elf.dir/libraries/drivers/src/at32f435_437_crm.c.obj
                0x08001678                crm_sysclk_switch_status_get
 .text.vListInitialise
                0x08001694       0x40 CMakeFiles/at32-clion-template.elf.dir/middlewares/FreeRTOS/list.c.obj
                0x08001694                vListInitialise
 .text.vListInitialiseItem
                0x080016d4       0x1a CMakeFiles/at32-clion-template.elf.dir/middlewares/FreeRTOS/list.c.obj
                0x080016d4                vListInitialiseItem
 *fill*         0x080016ee        0x2 
 .text.pxPortInitialiseStack
                0x080016f0       0x68 CMakeFiles/at32-clion-template.elf.dir/middlewares/FreeRTOS/portable/GCC/ARM_CM4F/port.c.obj
                0x080016f0                pxPortInitialiseStack
 .text.prvTaskExitError
                0x08001758       0x58 CMakeFiles/at32-clion-template.elf.dir/middlewares/FreeRTOS/portable/GCC/ARM_CM4F/port.c.obj
 .text.SVC_Handler
                0x080017b0       0x28 CMakeFiles/at32-clion-template.elf.dir/middlewares/FreeRTOS/portable/GCC/ARM_CM4F/port.c.obj
                0x080017b0                SVC_Handler
 .text.prvPortStartFirstTask
                0x080017d8       0x2c CMakeFiles/at32-clion-template.elf.dir/middlewares/FreeRTOS/portable/GCC/ARM_CM4F/port.c.obj
 .text.xPortStartScheduler
                0x08001804      0x1d4 CMakeFiles/at32-clion-template.elf.dir/middlewares/FreeRTOS/portable/GCC/ARM_CM4F/port.c.obj
                0x08001804                xPortStartScheduler
 .text.vPortEnterCritical
                0x080019d8       0x60 CMakeFiles/at32-clion-template.elf.dir/middlewares/FreeRTOS/portable/GCC/ARM_CM4F/port.c.obj
                0x080019d8                vPortEnterCritical
 .text.vPortExitCritical
                0x08001a38       0x54 CMakeFiles/at32-clion-template.elf.dir/middlewares/FreeRTOS/portable/GCC/ARM_CM4F/port.c.obj
                0x08001a38                vPortExitCritical
 *fill*         0x08001a8c        0x4 
 .text.PendSV_Handler
                0x08001a90       0x68 CMakeFiles/at32-clion-template.elf.dir/middlewares/FreeRTOS/portable/GCC/ARM_CM4F/port.c.obj
                0x08001a90                PendSV_Handler
 .text.SysTick_Handler
                0x08001af8       0x44 CMakeFiles/at32-clion-template.elf.dir/middlewares/FreeRTOS/portable/GCC/ARM_CM4F/port.c.obj
                0x08001af8                SysTick_Handler
 .text.vPortSetupTimerInterrupt
                0x08001b3c       0x38 CMakeFiles/at32-clion-template.elf.dir/middlewares/FreeRTOS/portable/GCC/ARM_CM4F/port.c.obj
                0x08001b3c                vPortSetupTimerInterrupt
 .text.vPortEnableVFP
                0x08001b74       0x18 CMakeFiles/at32-clion-template.elf.dir/middlewares/FreeRTOS/portable/GCC/ARM_CM4F/port.c.obj
 .text.pvPortMalloc
                0x08001b8c      0x260 CMakeFiles/at32-clion-template.elf.dir/middlewares/FreeRTOS/portable/MemMang/heap_4.c.obj
                0x08001b8c                pvPortMalloc
 .text.vPortFree
                0x08001dec       0xf0 CMakeFiles/at32-clion-template.elf.dir/middlewares/FreeRTOS/portable/MemMang/heap_4.c.obj
                0x08001dec                vPortFree
 .text.prvHeapInit
                0x08001edc       0xb4 CMakeFiles/at32-clion-template.elf.dir/middlewares/FreeRTOS/portable/MemMang/heap_4.c.obj
 .text.prvInsertBlockIntoFreeList
                0x08001f90       0xf4 CMakeFiles/at32-clion-template.elf.dir/middlewares/FreeRTOS/portable/MemMang/heap_4.c.obj
 .text.prvCreateTask
                0x08002084       0x78 CMakeFiles/at32-clion-template.elf.dir/middlewares/FreeRTOS/tasks.c.obj
 .text.xTaskCreate
                0x080020fc       0x46 CMakeFiles/at32-clion-template.elf.dir/middlewares/FreeRTOS/tasks.c.obj
                0x080020fc                xTaskCreate
 .text.prvInitialiseNewTask
                0x08002142      0x11c CMakeFiles/at32-clion-template.elf.dir/middlewares/FreeRTOS/tasks.c.obj
 *fill*         0x0800225e        0x2 
 .text.prvAddNewTaskToReadyList
                0x08002260      0x130 CMakeFiles/at32-clion-template.elf.dir/middlewares/FreeRTOS/tasks.c.obj
 .text.prvCreateIdleTasks
                0x08002390       0x94 CMakeFiles/at32-clion-template.elf.dir/middlewares/FreeRTOS/tasks.c.obj
 .text.vTaskStartScheduler
                0x08002424       0x7c CMakeFiles/at32-clion-template.elf.dir/middlewares/FreeRTOS/tasks.c.obj
                0x08002424                vTaskStartScheduler
 .text.vTaskSuspendAll
                0x080024a0       0x1c CMakeFiles/at32-clion-template.elf.dir/middlewares/FreeRTOS/tasks.c.obj
                0x080024a0                vTaskSuspendAll
 .text.xTaskResumeAll
                0x080024bc      0x210 CMakeFiles/at32-clion-template.elf.dir/middlewares/FreeRTOS/tasks.c.obj
                0x080024bc                xTaskResumeAll
 .text.xTaskIncrementTick
                0x080026cc      0x230 CMakeFiles/at32-clion-template.elf.dir/middlewares/FreeRTOS/tasks.c.obj
                0x080026cc                xTaskIncrementTick
 .text.vTaskSwitchContext
                0x080028fc       0xb8 CMakeFiles/at32-clion-template.elf.dir/middlewares/FreeRTOS/tasks.c.obj
                0x080028fc                vTaskSwitchContext
 .text.prvIdleTask
                0x080029b4       0x30 CMakeFiles/at32-clion-template.elf.dir/middlewares/FreeRTOS/tasks.c.obj
 .text.prvInitialiseTaskLists
                0x080029e4       0x6c CMakeFiles/at32-clion-template.elf.dir/middlewares/FreeRTOS/tasks.c.obj
 .text.prvCheckTasksWaitingTermination
                0x08002a50        0xe CMakeFiles/at32-clion-template.elf.dir/middlewares/FreeRTOS/tasks.c.obj
 *fill*         0x08002a5e        0x2 
 .text.prvResetNextTaskUnblockTime
                0x08002a60       0x38 CMakeFiles/at32-clion-template.elf.dir/middlewares/FreeRTOS/tasks.c.obj
 .text.__libc_init_array
                0x08002a98       0x48 d:/tools/gcc-arm-none-eabi/10 2021.10/bin/../lib/gcc/arm-none-eabi/10.3.1/../../../../arm-none-eabi/lib/thumb/v7e-m+fp/hard\libg_nano.a(lib_a-init.o)
                0x08002a98                __libc_init_array
 .text.memcpy   0x08002ae0       0x1c d:/tools/gcc-arm-none-eabi/10 2021.10/bin/../lib/gcc/arm-none-eabi/10.3.1/../../../../arm-none-eabi/lib/thumb/v7e-m+fp/hard\libg_nano.a(lib_a-memcpy-stub.o)
                0x08002ae0                memcpy
 .text.memset   0x08002afc       0x10 d:/tools/gcc-arm-none-eabi/10 2021.10/bin/../lib/gcc/arm-none-eabi/10.3.1/../../../../arm-none-eabi/lib/thumb/v7e-m+fp/hard\libg_nano.a(lib_a-memset.o)
                0x08002afc                memset
 .text.__cvt    0x08002b0c       0xc4 d:/tools/gcc-arm-none-eabi/10 2021.10/bin/../lib/gcc/arm-none-eabi/10.3.1/../../../../arm-none-eabi/lib/thumb/v7e-m+fp/hard\libg_nano.a(lib_a-nano-vfprintf_float.o)
                0x08002b0c                __cvt
 .text.__exponent
                0x08002bd0       0x7c d:/tools/gcc-arm-none-eabi/10 2021.10/bin/../lib/gcc/arm-none-eabi/10.3.1/../../../../arm-none-eabi/lib/thumb/v7e-m+fp/hard\libg_nano.a(lib_a-nano-vfprintf_float.o)
                0x08002bd0                __exponent
 .text._printf_float
                0x08002c4c      0x46c d:/tools/gcc-arm-none-eabi/10 2021.10/bin/../lib/gcc/arm-none-eabi/10.3.1/../../../../arm-none-eabi/lib/thumb/v7e-m+fp/hard\libg_nano.a(lib_a-nano-vfprintf_float.o)
                0x08002c4c                _printf_float
 .text._printf_common
                0x080030b8       0xda d:/tools/gcc-arm-none-eabi/10 2021.10/bin/../lib/gcc/arm-none-eabi/10.3.1/../../../../arm-none-eabi/lib/thumb/v7e-m+fp/hard\libg_nano.a(lib_a-nano-vfprintf_i.o)
                0x080030b8                _printf_common
 *fill*         0x08003192        0x2 
 .text._printf_i
                0x08003194      0x24c d:/tools/gcc-arm-none-eabi/10 2021.10/bin/../lib/gcc/arm-none-eabi/10.3.1/../../../../arm-none-eabi/lib/thumb/v7e-m+fp/hard\libg_nano.a(lib_a-nano-vfprintf_i.o)
                0x08003194                _printf_i
 .text.quorem   0x080033e0      0x116 d:/tools/gcc-arm-none-eabi/10 2021.10/bin/../lib/gcc/arm-none-eabi/10.3.1/../../../../arm-none-eabi/lib/thumb/v7e-m+fp/hard\libg_nano.a(lib_a-dtoa.o)
 *fill*         0x080034f6        0x2 
 .text._dtoa_r  0x080034f8      0xbdc d:/tools/gcc-arm-none-eabi/10 2021.10/bin/../lib/gcc/arm-none-eabi/10.3.1/../../../../arm-none-eabi/lib/thumb/v7e-m+fp/hard\libg_nano.a(lib_a-dtoa.o)
                0x080034f8                _dtoa_r
 .text._localeconv_r
                0x080040d4        0x8 d:/tools/gcc-arm-none-eabi/10 2021.10/bin/../lib/gcc/arm-none-eabi/10.3.1/../../../../arm-none-eabi/lib/thumb/v7e-m+fp/hard\libg_nano.a(lib_a-localeconv.o)
                0x080040d4                _localeconv_r
 .text.malloc   0x080040dc       0x10 d:/tools/gcc-arm-none-eabi/10 2021.10/bin/../lib/gcc/arm-none-eabi/10.3.1/../../../../arm-none-eabi/lib/thumb/v7e-m+fp/hard\libg_nano.a(lib_a-malloc.o)
                0x080040dc                malloc
 .text._Balloc  0x080040ec       0x80 d:/tools/gcc-arm-none-eabi/10 2021.10/bin/../lib/gcc/arm-none-eabi/10.3.1/../../../../arm-none-eabi/lib/thumb/v7e-m+fp/hard\libg_nano.a(lib_a-mprec.o)
                0x080040ec                _Balloc
 .text._Bfree   0x0800416c       0x44 d:/tools/gcc-arm-none-eabi/10 2021.10/bin/../lib/gcc/arm-none-eabi/10.3.1/../../../../arm-none-eabi/lib/thumb/v7e-m+fp/hard\libg_nano.a(lib_a-mprec.o)
                0x0800416c                _Bfree
 .text.__multadd
                0x080041b0       0x8c d:/tools/gcc-arm-none-eabi/10 2021.10/bin/../lib/gcc/arm-none-eabi/10.3.1/../../../../arm-none-eabi/lib/thumb/v7e-m+fp/hard\libg_nano.a(lib_a-mprec.o)
                0x080041b0                __multadd
 .text.__hi0bits
                0x0800423c       0x40 d:/tools/gcc-arm-none-eabi/10 2021.10/bin/../lib/gcc/arm-none-eabi/10.3.1/../../../../arm-none-eabi/lib/thumb/v7e-m+fp/hard\libg_nano.a(lib_a-mprec.o)
                0x0800423c                __hi0bits
 .text.__lo0bits
                0x0800427c       0x5e d:/tools/gcc-arm-none-eabi/10 2021.10/bin/../lib/gcc/arm-none-eabi/10.3.1/../../../../arm-none-eabi/lib/thumb/v7e-m+fp/hard\libg_nano.a(lib_a-mprec.o)
                0x0800427c                __lo0bits
 *fill*         0x080042da        0x2 
 .text.__i2b    0x080042dc       0x2c d:/tools/gcc-arm-none-eabi/10 2021.10/bin/../lib/gcc/arm-none-eabi/10.3.1/../../../../arm-none-eabi/lib/thumb/v7e-m+fp/hard\libg_nano.a(lib_a-mprec.o)
                0x080042dc                __i2b
 .text.__multiply
                0x08004308      0x154 d:/tools/gcc-arm-none-eabi/10 2021.10/bin/../lib/gcc/arm-none-eabi/10.3.1/../../../../arm-none-eabi/lib/thumb/v7e-m+fp/hard\libg_nano.a(lib_a-mprec.o)
                0x08004308                __multiply
 .text.__pow5mult
                0x0800445c       0xb4 d:/tools/gcc-arm-none-eabi/10 2021.10/bin/../lib/gcc/arm-none-eabi/10.3.1/../../../../arm-none-eabi/lib/thumb/v7e-m+fp/hard\libg_nano.a(lib_a-mprec.o)
                0x0800445c                __pow5mult
 .text.__lshift
                0x08004510       0xe0 d:/tools/gcc-arm-none-eabi/10 2021.10/bin/../lib/gcc/arm-none-eabi/10.3.1/../../../../arm-none-eabi/lib/thumb/v7e-m+fp/hard\libg_nano.a(lib_a-mprec.o)
                0x08004510                __lshift
 .text.__mcmp   0x080045f0       0x38 d:/tools/gcc-arm-none-eabi/10 2021.10/bin/../lib/gcc/arm-none-eabi/10.3.1/../../../../arm-none-eabi/lib/thumb/v7e-m+fp/hard\libg_nano.a(lib_a-mprec.o)
                0x080045f0                __mcmp
 .text.__mdiff  0x08004628      0x114 d:/tools/gcc-arm-none-eabi/10 2021.10/bin/../lib/gcc/arm-none-eabi/10.3.1/../../../../arm-none-eabi/lib/thumb/v7e-m+fp/hard\libg_nano.a(lib_a-mprec.o)
                0x08004628                __mdiff
 .text.__d2b    0x0800473c       0xb8 d:/tools/gcc-arm-none-eabi/10 2021.10/bin/../lib/gcc/arm-none-eabi/10.3.1/../../../../arm-none-eabi/lib/thumb/v7e-m+fp/hard\libg_nano.a(lib_a-mprec.o)
                0x0800473c                __d2b
 .text._calloc_r
                0x080047f4       0x2c d:/tools/gcc-arm-none-eabi/10 2021.10/bin/../lib/gcc/arm-none-eabi/10.3.1/../../../../arm-none-eabi/lib/thumb/v7e-m+fp/hard\libg_nano.a(lib_a-nano-callocr.o)
                0x080047f4                _calloc_r
 .text._free_r  0x08004820       0x98 d:/tools/gcc-arm-none-eabi/10 2021.10/bin/../lib/gcc/arm-none-eabi/10.3.1/../../../../arm-none-eabi/lib/thumb/v7e-m+fp/hard\libg_nano.a(lib_a-nano-freer.o)
                0x08004820                _free_r
 .text.sbrk_aligned
                0x080048b8       0x40 d:/tools/gcc-arm-none-eabi/10 2021.10/bin/../lib/gcc/arm-none-eabi/10.3.1/../../../../arm-none-eabi/lib/thumb/v7e-m+fp/hard\libg_nano.a(lib_a-nano-mallocr.o)
 .text._malloc_r
                0x080048f8       0xe8 d:/tools/gcc-arm-none-eabi/10 2021.10/bin/../lib/gcc/arm-none-eabi/10.3.1/../../../../arm-none-eabi/lib/thumb/v7e-m+fp/hard\libg_nano.a(lib_a-nano-mallocr.o)
                0x080048f8                _malloc_r
 .text._sbrk_r  0x080049e0       0x20 d:/tools/gcc-arm-none-eabi/10 2021.10/bin/../lib/gcc/arm-none-eabi/10.3.1/../../../../arm-none-eabi/lib/thumb/v7e-m+fp/hard\libg_nano.a(lib_a-sbrkr.o)
                0x080049e0                _sbrk_r
 .text.__assert_func
                0x08004a00       0x3c d:/tools/gcc-arm-none-eabi/10 2021.10/bin/../lib/gcc/arm-none-eabi/10.3.1/../../../../arm-none-eabi/lib/thumb/v7e-m+fp/hard\libg_nano.a(lib_a-assert.o)
                0x08004a00                __assert_func
 .text.fprintf  0x08004a3c       0x24 d:/tools/gcc-arm-none-eabi/10 2021.10/bin/../lib/gcc/arm-none-eabi/10.3.1/../../../../arm-none-eabi/lib/thumb/v7e-m+fp/hard\libg_nano.a(lib_a-fprintf.o)
                0x08004a3c                fiprintf
                0x08004a3c                fprintf
 .text.__ascii_mbtowc
                0x08004a60       0x24 d:/tools/gcc-arm-none-eabi/10 2021.10/bin/../lib/gcc/arm-none-eabi/10.3.1/../../../../arm-none-eabi/lib/thumb/v7e-m+fp/hard\libg_nano.a(lib_a-mbtowc_r.o)
                0x08004a60                __ascii_mbtowc
 .text.__malloc_lock
                0x08004a84        0xc d:/tools/gcc-arm-none-eabi/10 2021.10/bin/../lib/gcc/arm-none-eabi/10.3.1/../../../../arm-none-eabi/lib/thumb/v7e-m+fp/hard\libg_nano.a(lib_a-mlock.o)
                0x08004a84                __malloc_lock
 .text.__malloc_unlock
                0x08004a90        0xc d:/tools/gcc-arm-none-eabi/10 2021.10/bin/../lib/gcc/arm-none-eabi/10.3.1/../../../../arm-none-eabi/lib/thumb/v7e-m+fp/hard\libg_nano.a(lib_a-mlock.o)
                0x08004a90                __malloc_unlock
 .text.__sfputc_r
                0x08004a9c       0x2e d:/tools/gcc-arm-none-eabi/10 2021.10/bin/../lib/gcc/arm-none-eabi/10.3.1/../../../../arm-none-eabi/lib/thumb/v7e-m+fp/hard\libg_nano.a(lib_a-nano-vfprintf.o)
 .text.__sfputs_r
                0x08004aca       0x24 d:/tools/gcc-arm-none-eabi/10 2021.10/bin/../lib/gcc/arm-none-eabi/10.3.1/../../../../arm-none-eabi/lib/thumb/v7e-m+fp/hard\libg_nano.a(lib_a-nano-vfprintf.o)
                0x08004aca                __sfputs_r
 *fill*         0x08004aee        0x2 
 .text._vfprintf_r
                0x08004af0      0x260 d:/tools/gcc-arm-none-eabi/10 2021.10/bin/../lib/gcc/arm-none-eabi/10.3.1/../../../../arm-none-eabi/lib/thumb/v7e-m+fp/hard\libg_nano.a(lib_a-nano-vfprintf.o)
                0x08004af0                _vfprintf_r
                0x08004af0                _vfiprintf_r
 .text.__swbuf_r
                0x08004d50       0xa4 d:/tools/gcc-arm-none-eabi/10 2021.10/bin/../lib/gcc/arm-none-eabi/10.3.1/../../../../arm-none-eabi/lib/thumb/v7e-m+fp/hard\libg_nano.a(lib_a-wbuf.o)
                0x08004d50                __swbuf_r
 .text.__ascii_wctomb
                0x08004df4       0x1a d:/tools/gcc-arm-none-eabi/10 2021.10/bin/../lib/gcc/arm-none-eabi/10.3.1/../../../../arm-none-eabi/lib/thumb/v7e-m+fp/hard\libg_nano.a(lib_a-wctomb_r.o)
                0x08004df4                __ascii_wctomb
 *fill*         0x08004e0e        0x2 
 .text.__swsetup_r
                0x08004e10       0xdc d:/tools/gcc-arm-none-eabi/10 2021.10/bin/../lib/gcc/arm-none-eabi/10.3.1/../../../../arm-none-eabi/lib/thumb/v7e-m+fp/hard\libg_nano.a(lib_a-wsetup.o)
                0x08004e10                __swsetup_r
 .text.abort    0x08004eec        0xe d:/tools/gcc-arm-none-eabi/10 2021.10/bin/../lib/gcc/arm-none-eabi/10.3.1/../../../../arm-none-eabi/lib/thumb/v7e-m+fp/hard\libg_nano.a(lib_a-abort.o)
                0x08004eec                abort
 *fill*         0x08004efa        0x2 
 .text.__sflush_r
                0x08004efc      0x10c d:/tools/gcc-arm-none-eabi/10 2021.10/bin/../lib/gcc/arm-none-eabi/10.3.1/../../../../arm-none-eabi/lib/thumb/v7e-m+fp/hard\libg_nano.a(lib_a-fflush.o)
                0x08004efc                __sflush_r
 .text._fflush_r
                0x08005008       0x78 d:/tools/gcc-arm-none-eabi/10 2021.10/bin/../lib/gcc/arm-none-eabi/10.3.1/../../../../arm-none-eabi/lib/thumb/v7e-m+fp/hard\libg_nano.a(lib_a-fflush.o)
                0x08005008                _fflush_r
 .text.std      0x08005080       0x48 d:/tools/gcc-arm-none-eabi/10 2021.10/bin/../lib/gcc/arm-none-eabi/10.3.1/../../../../arm-none-eabi/lib/thumb/v7e-m+fp/hard\libg_nano.a(lib_a-findfp.o)
 .text._cleanup_r
                0x080050c8        0xc d:/tools/gcc-arm-none-eabi/10 2021.10/bin/../lib/gcc/arm-none-eabi/10.3.1/../../../../arm-none-eabi/lib/thumb/v7e-m+fp/hard\libg_nano.a(lib_a-findfp.o)
                0x080050c8                _cleanup_r
 .text.__sfmoreglue
                0x080050d4       0x2c d:/tools/gcc-arm-none-eabi/10 2021.10/bin/../lib/gcc/arm-none-eabi/10.3.1/../../../../arm-none-eabi/lib/thumb/v7e-m+fp/hard\libg_nano.a(lib_a-findfp.o)
                0x080050d4                __sfmoreglue
 .text.__sfp_lock_acquire
                0x08005100        0xc d:/tools/gcc-arm-none-eabi/10 2021.10/bin/../lib/gcc/arm-none-eabi/10.3.1/../../../../arm-none-eabi/lib/thumb/v7e-m+fp/hard\libg_nano.a(lib_a-findfp.o)
                0x08005100                __sfp_lock_acquire
 .text.__sfp_lock_release
                0x0800510c        0xc d:/tools/gcc-arm-none-eabi/10 2021.10/bin/../lib/gcc/arm-none-eabi/10.3.1/../../../../arm-none-eabi/lib/thumb/v7e-m+fp/hard\libg_nano.a(lib_a-findfp.o)
                0x0800510c                __sfp_lock_release
 .text.__sinit_lock_acquire
                0x08005118        0xc d:/tools/gcc-arm-none-eabi/10 2021.10/bin/../lib/gcc/arm-none-eabi/10.3.1/../../../../arm-none-eabi/lib/thumb/v7e-m+fp/hard\libg_nano.a(lib_a-findfp.o)
                0x08005118                __sinit_lock_acquire
 .text.__sinit_lock_release
                0x08005124        0xc d:/tools/gcc-arm-none-eabi/10 2021.10/bin/../lib/gcc/arm-none-eabi/10.3.1/../../../../arm-none-eabi/lib/thumb/v7e-m+fp/hard\libg_nano.a(lib_a-findfp.o)
                0x08005124                __sinit_lock_release
 .text.__sinit  0x08005130       0x70 d:/tools/gcc-arm-none-eabi/10 2021.10/bin/../lib/gcc/arm-none-eabi/10.3.1/../../../../arm-none-eabi/lib/thumb/v7e-m+fp/hard\libg_nano.a(lib_a-findfp.o)
                0x08005130                __sinit
 .text.__sfp    0x080051a0       0x8c d:/tools/gcc-arm-none-eabi/10 2021.10/bin/../lib/gcc/arm-none-eabi/10.3.1/../../../../arm-none-eabi/lib/thumb/v7e-m+fp/hard\libg_nano.a(lib_a-findfp.o)
                0x080051a0                __sfp
 .text._fwalk_reent
                0x0800522c       0x3e d:/tools/gcc-arm-none-eabi/10 2021.10/bin/../lib/gcc/arm-none-eabi/10.3.1/../../../../arm-none-eabi/lib/thumb/v7e-m+fp/hard\libg_nano.a(lib_a-fwalk.o)
                0x0800522c                _fwalk_reent
 .text.__retarget_lock_init_recursive
                0x0800526a        0x2 d:/tools/gcc-arm-none-eabi/10 2021.10/bin/../lib/gcc/arm-none-eabi/10.3.1/../../../../arm-none-eabi/lib/thumb/v7e-m+fp/hard\libg_nano.a(lib_a-lock.o)
                0x0800526a                __retarget_lock_init_recursive
 .text.__retarget_lock_acquire_recursive
                0x0800526c        0x2 d:/tools/gcc-arm-none-eabi/10 2021.10/bin/../lib/gcc/arm-none-eabi/10.3.1/../../../../arm-none-eabi/lib/thumb/v7e-m+fp/hard\libg_nano.a(lib_a-lock.o)
                0x0800526c                __retarget_lock_acquire_recursive
 .text.__retarget_lock_release_recursive
                0x0800526e        0x2 d:/tools/gcc-arm-none-eabi/10 2021.10/bin/../lib/gcc/arm-none-eabi/10.3.1/../../../../arm-none-eabi/lib/thumb/v7e-m+fp/hard\libg_nano.a(lib_a-lock.o)
                0x0800526e                __retarget_lock_release_recursive
 .text.__swhatbuf_r
                0x08005270       0x4a d:/tools/gcc-arm-none-eabi/10 2021.10/bin/../lib/gcc/arm-none-eabi/10.3.1/../../../../arm-none-eabi/lib/thumb/v7e-m+fp/hard\libg_nano.a(lib_a-makebuf.o)
                0x08005270                __swhatbuf_r
 *fill*         0x080052ba        0x2 
 .text.__smakebuf_r
                0x080052bc       0x80 d:/tools/gcc-arm-none-eabi/10 2021.10/bin/../lib/gcc/arm-none-eabi/10.3.1/../../../../arm-none-eabi/lib/thumb/v7e-m+fp/hard\libg_nano.a(lib_a-makebuf.o)
                0x080052bc                __smakebuf_r
 .text._raise_r
                0x0800533c       0x50 d:/tools/gcc-arm-none-eabi/10 2021.10/bin/../lib/gcc/arm-none-eabi/10.3.1/../../../../arm-none-eabi/lib/thumb/v7e-m+fp/hard\libg_nano.a(lib_a-signal.o)
                0x0800533c                _raise_r
 .text.raise    0x0800538c       0x10 d:/tools/gcc-arm-none-eabi/10 2021.10/bin/../lib/gcc/arm-none-eabi/10.3.1/../../../../arm-none-eabi/lib/thumb/v7e-m+fp/hard\libg_nano.a(lib_a-signal.o)
                0x0800538c                raise
 .text._kill_r  0x0800539c       0x24 d:/tools/gcc-arm-none-eabi/10 2021.10/bin/../lib/gcc/arm-none-eabi/10.3.1/../../../../arm-none-eabi/lib/thumb/v7e-m+fp/hard\libg_nano.a(lib_a-signalr.o)
                0x0800539c                _kill_r
 .text._getpid_r
                0x080053c0        0x4 d:/tools/gcc-arm-none-eabi/10 2021.10/bin/../lib/gcc/arm-none-eabi/10.3.1/../../../../arm-none-eabi/lib/thumb/v7e-m+fp/hard\libg_nano.a(lib_a-signalr.o)
                0x080053c0                _getpid_r
 .text.__sread  0x080053c4       0x22 d:/tools/gcc-arm-none-eabi/10 2021.10/bin/../lib/gcc/arm-none-eabi/10.3.1/../../../../arm-none-eabi/lib/thumb/v7e-m+fp/hard\libg_nano.a(lib_a-stdio.o)
                0x080053c4                __sread
 .text.__swrite
                0x080053e6       0x38 d:/tools/gcc-arm-none-eabi/10 2021.10/bin/../lib/gcc/arm-none-eabi/10.3.1/../../../../arm-none-eabi/lib/thumb/v7e-m+fp/hard\libg_nano.a(lib_a-stdio.o)
                0x080053e6                __swrite
 .text.__sseek  0x0800541e       0x24 d:/tools/gcc-arm-none-eabi/10 2021.10/bin/../lib/gcc/arm-none-eabi/10.3.1/../../../../arm-none-eabi/lib/thumb/v7e-m+fp/hard\libg_nano.a(lib_a-stdio.o)
                0x0800541e                __sseek
 .text.__sclose
                0x08005442        0x8 d:/tools/gcc-arm-none-eabi/10 2021.10/bin/../lib/gcc/arm-none-eabi/10.3.1/../../../../arm-none-eabi/lib/thumb/v7e-m+fp/hard\libg_nano.a(lib_a-stdio.o)
                0x08005442                __sclose
 *fill*         0x0800544a        0x2 
 .text._write_r
                0x0800544c       0x24 d:/tools/gcc-arm-none-eabi/10 2021.10/bin/../lib/gcc/arm-none-eabi/10.3.1/../../../../arm-none-eabi/lib/thumb/v7e-m+fp/hard\libg_nano.a(lib_a-writer.o)
                0x0800544c                _write_r
 .text._close_r
                0x08005470       0x20 d:/tools/gcc-arm-none-eabi/10 2021.10/bin/../lib/gcc/arm-none-eabi/10.3.1/../../../../arm-none-eabi/lib/thumb/v7e-m+fp/hard\libg_nano.a(lib_a-closer.o)
                0x08005470                _close_r
 .text._fstat_r
                0x08005490       0x24 d:/tools/gcc-arm-none-eabi/10 2021.10/bin/../lib/gcc/arm-none-eabi/10.3.1/../../../../arm-none-eabi/lib/thumb/v7e-m+fp/hard\libg_nano.a(lib_a-fstatr.o)
                0x08005490                _fstat_r
 .text._isatty_r
                0x080054b4       0x20 d:/tools/gcc-arm-none-eabi/10 2021.10/bin/../lib/gcc/arm-none-eabi/10.3.1/../../../../arm-none-eabi/lib/thumb/v7e-m+fp/hard\libg_nano.a(lib_a-isattyr.o)
                0x080054b4                _isatty_r
 .text._lseek_r
                0x080054d4       0x24 d:/tools/gcc-arm-none-eabi/10 2021.10/bin/../lib/gcc/arm-none-eabi/10.3.1/../../../../arm-none-eabi/lib/thumb/v7e-m+fp/hard\libg_nano.a(lib_a-lseekr.o)
                0x080054d4                _lseek_r
 .text._read_r  0x080054f8       0x24 d:/tools/gcc-arm-none-eabi/10 2021.10/bin/../lib/gcc/arm-none-eabi/10.3.1/../../../../arm-none-eabi/lib/thumb/v7e-m+fp/hard\libg_nano.a(lib_a-readr.o)
                0x080054f8                _read_r
 .text._close   0x0800551c       0x10 d:/tools/gcc-arm-none-eabi/10 2021.10/bin/../lib/gcc/arm-none-eabi/10.3.1/../../../../arm-none-eabi/lib/thumb/v7e-m+fp/hard\libnosys.a(close.o)
                0x0800551c                _close
 .text._fstat   0x0800552c       0x10 d:/tools/gcc-arm-none-eabi/10 2021.10/bin/../lib/gcc/arm-none-eabi/10.3.1/../../../../arm-none-eabi/lib/thumb/v7e-m+fp/hard\libnosys.a(fstat.o)
                0x0800552c                _fstat
 .text._getpid  0x0800553c       0x10 d:/tools/gcc-arm-none-eabi/10 2021.10/bin/../lib/gcc/arm-none-eabi/10.3.1/../../../../arm-none-eabi/lib/thumb/v7e-m+fp/hard\libnosys.a(getpid.o)
                0x0800553c                _getpid
 .text._isatty  0x0800554c       0x10 d:/tools/gcc-arm-none-eabi/10 2021.10/bin/../lib/gcc/arm-none-eabi/10.3.1/../../../../arm-none-eabi/lib/thumb/v7e-m+fp/hard\libnosys.a(isatty.o)
                0x0800554c                _isatty
 .text._kill    0x0800555c       0x10 d:/tools/gcc-arm-none-eabi/10 2021.10/bin/../lib/gcc/arm-none-eabi/10.3.1/../../../../arm-none-eabi/lib/thumb/v7e-m+fp/hard\libnosys.a(kill.o)
                0x0800555c                _kill
 .text._lseek   0x0800556c       0x10 d:/tools/gcc-arm-none-eabi/10 2021.10/bin/../lib/gcc/arm-none-eabi/10.3.1/../../../../arm-none-eabi/lib/thumb/v7e-m+fp/hard\libnosys.a(lseek.o)
                0x0800556c                _lseek
 .text._read    0x0800557c       0x10 d:/tools/gcc-arm-none-eabi/10 2021.10/bin/../lib/gcc/arm-none-eabi/10.3.1/../../../../arm-none-eabi/lib/thumb/v7e-m+fp/hard\libnosys.a(read.o)
                0x0800557c                _read
 .text._sbrk    0x0800558c       0x1c d:/tools/gcc-arm-none-eabi/10 2021.10/bin/../lib/gcc/arm-none-eabi/10.3.1/../../../../arm-none-eabi/lib/thumb/v7e-m+fp/hard\libnosys.a(sbrk.o)
                0x0800558c                _sbrk
 .text._write   0x080055a8       0x10 d:/tools/gcc-arm-none-eabi/10 2021.10/bin/../lib/gcc/arm-none-eabi/10.3.1/../../../../arm-none-eabi/lib/thumb/v7e-m+fp/hard\libnosys.a(write.o)
                0x080055a8                _write
 .text._exit    0x080055b8        0x4 d:/tools/gcc-arm-none-eabi/10 2021.10/bin/../lib/gcc/arm-none-eabi/10.3.1/../../../../arm-none-eabi/lib/thumb/v7e-m+fp/hard\libnosys.a(_exit.o)
                0x080055b8                _exit
 *(.glue_7)
 .glue_7        0x080055bc        0x0 linker stubs
 *(.glue_7t)
 .glue_7t       0x080055bc        0x0 linker stubs
 *(.eh_frame)
 .eh_frame      0x080055bc        0x0 d:/tools/gcc-arm-none-eabi/10 2021.10/bin/../lib/gcc/arm-none-eabi/10.3.1/thumb/v7e-m+fp/hard/crtbegin.o
 *(.init)
 .init          0x080055bc        0x4 d:/tools/gcc-arm-none-eabi/10 2021.10/bin/../lib/gcc/arm-none-eabi/10.3.1/thumb/v7e-m+fp/hard/crti.o
                0x080055bc                _init
 .init          0x080055c0        0x8 d:/tools/gcc-arm-none-eabi/10 2021.10/bin/../lib/gcc/arm-none-eabi/10.3.1/thumb/v7e-m+fp/hard/crtn.o
 *(.fini)
 .fini          0x080055c8        0x4 d:/tools/gcc-arm-none-eabi/10 2021.10/bin/../lib/gcc/arm-none-eabi/10.3.1/thumb/v7e-m+fp/hard/crti.o
                0x080055c8                _fini
 .fini          0x080055cc        0x8 d:/tools/gcc-arm-none-eabi/10 2021.10/bin/../lib/gcc/arm-none-eabi/10.3.1/thumb/v7e-m+fp/hard/crtn.o
                0x080055d4                . = ALIGN (0x4)
                0x080055d4                _etext = .

.vfp11_veneer   0x080055d4        0x0
 .vfp11_veneer  0x080055d4        0x0 linker stubs

.v4_bx          0x080055d4        0x0
 .v4_bx         0x080055d4        0x0 linker stubs

.iplt           0x080055d4        0x0
 .iplt          0x080055d4        0x0 d:/tools/gcc-arm-none-eabi/10 2021.10/bin/../lib/gcc/arm-none-eabi/10.3.1/thumb/v7e-m+fp/hard/crtbegin.o

.rodata         0x080055d8      0x454
                0x080055d8                . = ALIGN (0x4)
 *(.rodata)
 .rodata        0x080055d8        0xd CMakeFiles/at32-clion-template.elf.dir/applications/src/freertos.c.obj
 *fill*         0x080055e5        0x3 
 .rodata        0x080055e8        0x5 CMakeFiles/at32-clion-template.elf.dir/middlewares/FreeRTOS/tasks.c.obj
 *(.rodata*)
 *fill*         0x080055ed        0x3 
 .rodata.pll_fr_table.1
                0x080055f0        0x6 CMakeFiles/at32-clion-template.elf.dir/libraries/cmsis/cm4/device_support/system_at32f435_437.c.obj
 *fill*         0x080055f6        0x2 
 .rodata.sys_ahb_div_table.0
                0x080055f8       0x10 CMakeFiles/at32-clion-template.elf.dir/libraries/cmsis/cm4/device_support/system_at32f435_437.c.obj
 .rodata._global_impure_ptr
                0x08005608        0x4 d:/tools/gcc-arm-none-eabi/10 2021.10/bin/../lib/gcc/arm-none-eabi/10.3.1/../../../../arm-none-eabi/lib/thumb/v7e-m+fp/hard\libg_nano.a(lib_a-impure.o)
                0x08005608                _global_impure_ptr
 .rodata._printf_float.str1.1
                0x0800560c       0x12 d:/tools/gcc-arm-none-eabi/10 2021.10/bin/../lib/gcc/arm-none-eabi/10.3.1/../../../../arm-none-eabi/lib/thumb/v7e-m+fp/hard\libg_nano.a(lib_a-nano-vfprintf_float.o)
 .rodata._printf_i.str1.1
                0x0800561e       0x22 d:/tools/gcc-arm-none-eabi/10 2021.10/bin/../lib/gcc/arm-none-eabi/10.3.1/../../../../arm-none-eabi/lib/thumb/v7e-m+fp/hard\libg_nano.a(lib_a-nano-vfprintf_i.o)
 .rodata._dtoa_r.str1.1
                0x08005640       0xb3 d:/tools/gcc-arm-none-eabi/10 2021.10/bin/../lib/gcc/arm-none-eabi/10.3.1/../../../../arm-none-eabi/lib/thumb/v7e-m+fp/hard\libg_nano.a(lib_a-dtoa.o)
                                 0xb5 (size before relaxing)
 .rodata._Balloc.str1.1
                0x080056f3       0x7f d:/tools/gcc-arm-none-eabi/10 2021.10/bin/../lib/gcc/arm-none-eabi/10.3.1/../../../../arm-none-eabi/lib/thumb/v7e-m+fp/hard\libg_nano.a(lib_a-mprec.o)
                                 0x96 (size before relaxing)
 .rodata.__multadd.str1.1
                0x08005772       0x11 d:/tools/gcc-arm-none-eabi/10 2021.10/bin/../lib/gcc/arm-none-eabi/10.3.1/../../../../arm-none-eabi/lib/thumb/v7e-m+fp/hard\libg_nano.a(lib_a-mprec.o)
 *fill*         0x08005772        0x6 
 .rodata.__mprec_bigtens
                0x08005778       0x28 d:/tools/gcc-arm-none-eabi/10 2021.10/bin/../lib/gcc/arm-none-eabi/10.3.1/../../../../arm-none-eabi/lib/thumb/v7e-m+fp/hard\libg_nano.a(lib_a-mprec.o)
                0x08005778                __mprec_bigtens
 .rodata.__mprec_tens
                0x080057a0       0xc8 d:/tools/gcc-arm-none-eabi/10 2021.10/bin/../lib/gcc/arm-none-eabi/10.3.1/../../../../arm-none-eabi/lib/thumb/v7e-m+fp/hard\libg_nano.a(lib_a-mprec.o)
                0x080057a0                __mprec_tens
 .rodata.p05.0  0x08005868        0xc d:/tools/gcc-arm-none-eabi/10 2021.10/bin/../lib/gcc/arm-none-eabi/10.3.1/../../../../arm-none-eabi/lib/thumb/v7e-m+fp/hard\libg_nano.a(lib_a-mprec.o)
 .rodata.__assert_func.str1.1
                0x08005874       0x3c d:/tools/gcc-arm-none-eabi/10 2021.10/bin/../lib/gcc/arm-none-eabi/10.3.1/../../../../arm-none-eabi/lib/thumb/v7e-m+fp/hard\libg_nano.a(lib_a-assert.o)
                                 0x3d (size before relaxing)
 .rodata._setlocale_r.str1.1
                0x080058b0        0x8 d:/tools/gcc-arm-none-eabi/10 2021.10/bin/../lib/gcc/arm-none-eabi/10.3.1/../../../../arm-none-eabi/lib/thumb/v7e-m+fp/hard\libg_nano.a(lib_a-locale.o)
                                  0x9 (size before relaxing)
 .rodata.str1.1
                0x080058b8        0x2 d:/tools/gcc-arm-none-eabi/10 2021.10/bin/../lib/gcc/arm-none-eabi/10.3.1/../../../../arm-none-eabi/lib/thumb/v7e-m+fp/hard\libg_nano.a(lib_a-locale.o)
 .rodata._vfprintf_r.str1.1
                0x080058ba       0x11 d:/tools/gcc-arm-none-eabi/10 2021.10/bin/../lib/gcc/arm-none-eabi/10.3.1/../../../../arm-none-eabi/lib/thumb/v7e-m+fp/hard\libg_nano.a(lib_a-nano-vfprintf.o)
 .rodata._ctype_
                0x080058cb      0x101 d:/tools/gcc-arm-none-eabi/10 2021.10/bin/../lib/gcc/arm-none-eabi/10.3.1/../../../../arm-none-eabi/lib/thumb/v7e-m+fp/hard\libg_nano.a(lib_a-ctype_.o)
                0x080058cb                _ctype_
 .rodata.__sf_fake_stderr
                0x080059cc       0x20 d:/tools/gcc-arm-none-eabi/10 2021.10/bin/../lib/gcc/arm-none-eabi/10.3.1/../../../../arm-none-eabi/lib/thumb/v7e-m+fp/hard\libg_nano.a(lib_a-findfp.o)
                0x080059cc                __sf_fake_stderr
 .rodata.__sf_fake_stdin
                0x080059ec       0x20 d:/tools/gcc-arm-none-eabi/10 2021.10/bin/../lib/gcc/arm-none-eabi/10.3.1/../../../../arm-none-eabi/lib/thumb/v7e-m+fp/hard\libg_nano.a(lib_a-findfp.o)
                0x080059ec                __sf_fake_stdin
 .rodata.__sf_fake_stdout
                0x08005a0c       0x20 d:/tools/gcc-arm-none-eabi/10 2021.10/bin/../lib/gcc/arm-none-eabi/10.3.1/../../../../arm-none-eabi/lib/thumb/v7e-m+fp/hard\libg_nano.a(lib_a-findfp.o)
                0x08005a0c                __sf_fake_stdout
                0x08005a2c                . = ALIGN (0x4)

.ARM.extab
 *(.ARM.extab* .gnu.linkonce.armextab.*)

.ARM            0x08005a2c        0x8
                0x08005a2c                __exidx_start = .
 *(.ARM.exidx*)
 .ARM.exidx     0x08005a2c        0x8 d:/tools/gcc-arm-none-eabi/10 2021.10/bin/../lib/gcc/arm-none-eabi/10.3.1/thumb/v7e-m+fp/hard\libgcc.a(_udivmoddi4.o)
                0x08005a34                __exidx_end = .

.rel.dyn        0x08005a34        0x0
 .rel.iplt      0x08005a34        0x0 d:/tools/gcc-arm-none-eabi/10 2021.10/bin/../lib/gcc/arm-none-eabi/10.3.1/thumb/v7e-m+fp/hard/crtbegin.o

.preinit_array  0x08005a34        0x0
                0x08005a34                PROVIDE (__preinit_array_start = .)
 *(.preinit_array*)
                0x08005a34                PROVIDE (__preinit_array_end = .)

.init_array     0x08005a34        0x4
                0x08005a34                PROVIDE (__init_array_start = .)
 *(SORT_BY_NAME(.init_array.*))
 *(.init_array*)
 .init_array    0x08005a34        0x4 d:/tools/gcc-arm-none-eabi/10 2021.10/bin/../lib/gcc/arm-none-eabi/10.3.1/thumb/v7e-m+fp/hard/crtbegin.o
                0x08005a38                PROVIDE (__init_array_end = .)

.fini_array     0x08005a38        0x4
                [!provide]                PROVIDE (__fini_array_start = .)
 *(SORT_BY_NAME(.fini_array.*))
 *(.fini_array*)
 .fini_array    0x08005a38        0x4 d:/tools/gcc-arm-none-eabi/10 2021.10/bin/../lib/gcc/arm-none-eabi/10.3.1/thumb/v7e-m+fp/hard/crtbegin.o
                [!provide]                PROVIDE (__fini_array_end = .)
                0x08005a3c                _sidata = LOADADDR (.data)

.data           0x20000000      0x1dc load address 0x08005a3c
                0x20000000                . = ALIGN (0x4)
                0x20000000                _sdata = .
 *(.data)
 *(.data*)
 .data.system_core_clock
                0x20000000        0x4 CMakeFiles/at32-clion-template.elf.dir/libraries/cmsis/cm4/device_support/system_at32f435_437.c.obj
                0x20000000                system_core_clock
 .data.uxCriticalNesting
                0x20000004        0x4 CMakeFiles/at32-clion-template.elf.dir/middlewares/FreeRTOS/portable/GCC/ARM_CM4F/port.c.obj
 .data.uxTopUsedPriority
                0x20000008        0x4 CMakeFiles/at32-clion-template.elf.dir/middlewares/FreeRTOS/tasks.c.obj
 .data._impure_ptr
                0x2000000c        0x4 d:/tools/gcc-arm-none-eabi/10 2021.10/bin/../lib/gcc/arm-none-eabi/10.3.1/../../../../arm-none-eabi/lib/thumb/v7e-m+fp/hard\libg_nano.a(lib_a-impure.o)
                0x2000000c                _impure_ptr
 .data.impure_data
                0x20000010       0x60 d:/tools/gcc-arm-none-eabi/10 2021.10/bin/../lib/gcc/arm-none-eabi/10.3.1/../../../../arm-none-eabi/lib/thumb/v7e-m+fp/hard\libg_nano.a(lib_a-impure.o)
 .data.__global_locale
                0x20000070      0x16c d:/tools/gcc-arm-none-eabi/10 2021.10/bin/../lib/gcc/arm-none-eabi/10.3.1/../../../../arm-none-eabi/lib/thumb/v7e-m+fp/hard\libg_nano.a(lib_a-locale.o)
                0x20000070                __global_locale
                0x200001dc                . = ALIGN (0x4)
                0x200001dc                _edata = .

.igot.plt       0x200001dc        0x0 load address 0x08005c18
 .igot.plt      0x200001dc        0x0 d:/tools/gcc-arm-none-eabi/10 2021.10/bin/../lib/gcc/arm-none-eabi/10.3.1/thumb/v7e-m+fp/hard/crtbegin.o
                0x200001dc                . = ALIGN (0x4)

.bss            0x200001dc     0x82b0 load address 0x08005c18
                0x200001dc                _sbss = .
                0x200001dc                __bss_start__ = _sbss
 *(.bss)
 .bss           0x200001dc       0x1c d:/tools/gcc-arm-none-eabi/10 2021.10/bin/../lib/gcc/arm-none-eabi/10.3.1/thumb/v7e-m+fp/hard/crtbegin.o
 *(.bss*)
 .bss.start_task_handler
                0x200001f8        0x4 CMakeFiles/at32-clion-template.elf.dir/applications/src/freertos.c.obj
                0x200001f8                start_task_handler
 .bss.sb        0x200001fc        0x4 CMakeFiles/at32-clion-template.elf.dir/applications/src/startup_task.c.obj
                0x200001fc                sb
 .bss.ucMaxSysCallPriority
                0x20000200        0x1 CMakeFiles/at32-clion-template.elf.dir/middlewares/FreeRTOS/portable/GCC/ARM_CM4F/port.c.obj
 *fill*         0x20000201        0x3 
 .bss.ulMaxPRIGROUPValue
                0x20000204        0x4 CMakeFiles/at32-clion-template.elf.dir/middlewares/FreeRTOS/portable/GCC/ARM_CM4F/port.c.obj
 .bss.ucHeap    0x20000208     0x8000 CMakeFiles/at32-clion-template.elf.dir/middlewares/FreeRTOS/portable/MemMang/heap_4.c.obj
 .bss.xStart    0x20008208        0x8 CMakeFiles/at32-clion-template.elf.dir/middlewares/FreeRTOS/portable/MemMang/heap_4.c.obj
 .bss.pxEnd     0x20008210        0x4 CMakeFiles/at32-clion-template.elf.dir/middlewares/FreeRTOS/portable/MemMang/heap_4.c.obj
 .bss.xFreeBytesRemaining
                0x20008214        0x4 CMakeFiles/at32-clion-template.elf.dir/middlewares/FreeRTOS/portable/MemMang/heap_4.c.obj
 .bss.xMinimumEverFreeBytesRemaining
                0x20008218        0x4 CMakeFiles/at32-clion-template.elf.dir/middlewares/FreeRTOS/portable/MemMang/heap_4.c.obj
 .bss.xNumberOfSuccessfulAllocations
                0x2000821c        0x4 CMakeFiles/at32-clion-template.elf.dir/middlewares/FreeRTOS/portable/MemMang/heap_4.c.obj
 .bss.xNumberOfSuccessfulFrees
                0x20008220        0x4 CMakeFiles/at32-clion-template.elf.dir/middlewares/FreeRTOS/portable/MemMang/heap_4.c.obj
 .bss.pxCurrentTCB
                0x20008224        0x4 CMakeFiles/at32-clion-template.elf.dir/middlewares/FreeRTOS/tasks.c.obj
                0x20008224                pxCurrentTCB
 .bss.pxReadyTasksLists
                0x20008228      0x1e0 CMakeFiles/at32-clion-template.elf.dir/middlewares/FreeRTOS/tasks.c.obj
 .bss.xDelayedTaskList1
                0x20008408       0x14 CMakeFiles/at32-clion-template.elf.dir/middlewares/FreeRTOS/tasks.c.obj
 .bss.xDelayedTaskList2
                0x2000841c       0x14 CMakeFiles/at32-clion-template.elf.dir/middlewares/FreeRTOS/tasks.c.obj
 .bss.pxDelayedTaskList
                0x20008430        0x4 CMakeFiles/at32-clion-template.elf.dir/middlewares/FreeRTOS/tasks.c.obj
 .bss.pxOverflowDelayedTaskList
                0x20008434        0x4 CMakeFiles/at32-clion-template.elf.dir/middlewares/FreeRTOS/tasks.c.obj
 .bss.xPendingReadyList
                0x20008438       0x14 CMakeFiles/at32-clion-template.elf.dir/middlewares/FreeRTOS/tasks.c.obj
 .bss.uxCurrentNumberOfTasks
                0x2000844c        0x4 CMakeFiles/at32-clion-template.elf.dir/middlewares/FreeRTOS/tasks.c.obj
 .bss.xTickCount
                0x20008450        0x4 CMakeFiles/at32-clion-template.elf.dir/middlewares/FreeRTOS/tasks.c.obj
 .bss.uxTopReadyPriority
                0x20008454        0x4 CMakeFiles/at32-clion-template.elf.dir/middlewares/FreeRTOS/tasks.c.obj
 .bss.xSchedulerRunning
                0x20008458        0x4 CMakeFiles/at32-clion-template.elf.dir/middlewares/FreeRTOS/tasks.c.obj
 .bss.xPendedTicks
                0x2000845c        0x4 CMakeFiles/at32-clion-template.elf.dir/middlewares/FreeRTOS/tasks.c.obj
 .bss.xYieldPendings
                0x20008460        0x4 CMakeFiles/at32-clion-template.elf.dir/middlewares/FreeRTOS/tasks.c.obj
 .bss.xNumOfOverflows
                0x20008464        0x4 CMakeFiles/at32-clion-template.elf.dir/middlewares/FreeRTOS/tasks.c.obj
 .bss.uxTaskNumber
                0x20008468        0x4 CMakeFiles/at32-clion-template.elf.dir/middlewares/FreeRTOS/tasks.c.obj
 .bss.xNextTaskUnblockTime
                0x2000846c        0x4 CMakeFiles/at32-clion-template.elf.dir/middlewares/FreeRTOS/tasks.c.obj
 .bss.xIdleTaskHandles
                0x20008470        0x4 CMakeFiles/at32-clion-template.elf.dir/middlewares/FreeRTOS/tasks.c.obj
 .bss.uxSchedulerSuspended
                0x20008474        0x4 CMakeFiles/at32-clion-template.elf.dir/middlewares/FreeRTOS/tasks.c.obj
 .bss.__malloc_free_list
                0x20008478        0x4 d:/tools/gcc-arm-none-eabi/10 2021.10/bin/../lib/gcc/arm-none-eabi/10.3.1/../../../../arm-none-eabi/lib/thumb/v7e-m+fp/hard\libg_nano.a(lib_a-nano-mallocr.o)
                0x20008478                __malloc_free_list
 .bss.__malloc_sbrk_start
                0x2000847c        0x4 d:/tools/gcc-arm-none-eabi/10 2021.10/bin/../lib/gcc/arm-none-eabi/10.3.1/../../../../arm-none-eabi/lib/thumb/v7e-m+fp/hard\libg_nano.a(lib_a-nano-mallocr.o)
                0x2000847c                __malloc_sbrk_start
 .bss.errno     0x20008480        0x4 d:/tools/gcc-arm-none-eabi/10 2021.10/bin/../lib/gcc/arm-none-eabi/10.3.1/../../../../arm-none-eabi/lib/thumb/v7e-m+fp/hard\libg_nano.a(lib_a-reent.o)
                0x20008480                errno
 .bss.__lock___malloc_recursive_mutex
                0x20008484        0x1 d:/tools/gcc-arm-none-eabi/10 2021.10/bin/../lib/gcc/arm-none-eabi/10.3.1/../../../../arm-none-eabi/lib/thumb/v7e-m+fp/hard\libg_nano.a(lib_a-lock.o)
                0x20008484                __lock___malloc_recursive_mutex
 .bss.__lock___sfp_recursive_mutex
                0x20008485        0x1 d:/tools/gcc-arm-none-eabi/10 2021.10/bin/../lib/gcc/arm-none-eabi/10.3.1/../../../../arm-none-eabi/lib/thumb/v7e-m+fp/hard\libg_nano.a(lib_a-lock.o)
                0x20008485                __lock___sfp_recursive_mutex
 .bss.__lock___sinit_recursive_mutex
                0x20008486        0x1 d:/tools/gcc-arm-none-eabi/10 2021.10/bin/../lib/gcc/arm-none-eabi/10.3.1/../../../../arm-none-eabi/lib/thumb/v7e-m+fp/hard\libg_nano.a(lib_a-lock.o)
                0x20008486                __lock___sinit_recursive_mutex
 *fill*         0x20008487        0x1 
 .bss.heap_end.0
                0x20008488        0x4 d:/tools/gcc-arm-none-eabi/10 2021.10/bin/../lib/gcc/arm-none-eabi/10.3.1/../../../../arm-none-eabi/lib/thumb/v7e-m+fp/hard\libnosys.a(sbrk.o)
 *(COMMON)
                0x2000848c                . = ALIGN (0x4)
                0x2000848c                _ebss = .
                0x2000848c                __bss_end__ = _ebss

._user_heap_stack
                0x2000848c      0x604 load address 0x08005c18
                0x20008490                . = ALIGN (0x8)
 *fill*         0x2000848c        0x4 
                0x20008490                PROVIDE (end = .)
                [!provide]                PROVIDE (_end = .)
                0x20008690                . = (. + _Min_Heap_Size)
 *fill*         0x20008490      0x200 
                0x20008a90                . = (. + _Min_Stack_Size)
 *fill*         0x20008690      0x400 
                0x20008a90                . = ALIGN (0x8)

/DISCARD/
 libc.a(*)
 libm.a(*)
 libgcc.a(*)

.ARM.attributes
                0x00000000       0x30
 *(.ARM.attributes)
 .ARM.attributes
                0x00000000       0x1e d:/tools/gcc-arm-none-eabi/10 2021.10/bin/../lib/gcc/arm-none-eabi/10.3.1/thumb/v7e-m+fp/hard/crti.o
 .ARM.attributes
                0x0000001e       0x34 d:/tools/gcc-arm-none-eabi/10 2021.10/bin/../lib/gcc/arm-none-eabi/10.3.1/thumb/v7e-m+fp/hard/crtbegin.o
 .ARM.attributes
                0x00000052       0x34 CMakeFiles/at32-clion-template.elf.dir/applications/src/main.c.obj
 .ARM.attributes
                0x00000086       0x34 CMakeFiles/at32-clion-template.elf.dir/applications/src/at32f435_437_clock.c.obj
 .ARM.attributes
                0x000000ba       0x34 CMakeFiles/at32-clion-template.elf.dir/applications/src/at32f435_437_int.c.obj
 .ARM.attributes
                0x000000ee       0x21 CMakeFiles/at32-clion-template.elf.dir/applications/src/startup_at32f435_437.s.obj
 .ARM.attributes
                0x0000010f       0x34 CMakeFiles/at32-clion-template.elf.dir/libraries/cmsis/cm4/device_support/system_at32f435_437.c.obj
 .ARM.attributes
                0x00000143       0x34 CMakeFiles/at32-clion-template.elf.dir/applications/src/freertos.c.obj
 .ARM.attributes
                0x00000177       0x34 CMakeFiles/at32-clion-template.elf.dir/applications/src/startup_task.c.obj
 .ARM.attributes
                0x000001ab       0x34 CMakeFiles/at32-clion-template.elf.dir/libraries/drivers/src/at32f435_437_crm.c.obj
 .ARM.attributes
                0x000001df       0x34 CMakeFiles/at32-clion-template.elf.dir/middlewares/FreeRTOS/list.c.obj
 .ARM.attributes
                0x00000213       0x34 CMakeFiles/at32-clion-template.elf.dir/middlewares/FreeRTOS/portable/GCC/ARM_CM4F/port.c.obj
 .ARM.attributes
                0x00000247       0x34 CMakeFiles/at32-clion-template.elf.dir/middlewares/FreeRTOS/portable/MemMang/heap_4.c.obj
 .ARM.attributes
                0x0000027b       0x34 CMakeFiles/at32-clion-template.elf.dir/middlewares/FreeRTOS/tasks.c.obj
 .ARM.attributes
                0x000002af       0x1e d:/tools/gcc-arm-none-eabi/10 2021.10/bin/../lib/gcc/arm-none-eabi/10.3.1/thumb/v7e-m+fp/hard\libgcc.a(_aeabi_uldivmod.o)
 .ARM.attributes
                0x000002cd       0x34 d:/tools/gcc-arm-none-eabi/10 2021.10/bin/../lib/gcc/arm-none-eabi/10.3.1/thumb/v7e-m+fp/hard\libgcc.a(_udivmoddi4.o)
 .ARM.attributes
                0x00000301       0x1e d:/tools/gcc-arm-none-eabi/10 2021.10/bin/../lib/gcc/arm-none-eabi/10.3.1/thumb/v7e-m+fp/hard\libgcc.a(_dvmd_tls.o)
 .ARM.attributes
                0x0000031f       0x34 d:/tools/gcc-arm-none-eabi/10 2021.10/bin/../lib/gcc/arm-none-eabi/10.3.1/../../../../arm-none-eabi/lib/thumb/v7e-m+fp/hard\libg_nano.a(lib_a-impure.o)
 .ARM.attributes
                0x00000353       0x34 d:/tools/gcc-arm-none-eabi/10 2021.10/bin/../lib/gcc/arm-none-eabi/10.3.1/../../../../arm-none-eabi/lib/thumb/v7e-m+fp/hard\libg_nano.a(lib_a-init.o)
 .ARM.attributes
                0x00000387       0x34 d:/tools/gcc-arm-none-eabi/10 2021.10/bin/../lib/gcc/arm-none-eabi/10.3.1/../../../../arm-none-eabi/lib/thumb/v7e-m+fp/hard\libg_nano.a(lib_a-memcpy-stub.o)
 .ARM.attributes
                0x000003bb       0x34 d:/tools/gcc-arm-none-eabi/10 2021.10/bin/../lib/gcc/arm-none-eabi/10.3.1/../../../../arm-none-eabi/lib/thumb/v7e-m+fp/hard\libg_nano.a(lib_a-memset.o)
 .ARM.attributes
                0x000003ef       0x34 d:/tools/gcc-arm-none-eabi/10 2021.10/bin/../lib/gcc/arm-none-eabi/10.3.1/../../../../arm-none-eabi/lib/thumb/v7e-m+fp/hard\libg_nano.a(lib_a-nano-vfprintf_float.o)
 .ARM.attributes
                0x00000423       0x34 d:/tools/gcc-arm-none-eabi/10 2021.10/bin/../lib/gcc/arm-none-eabi/10.3.1/../../../../arm-none-eabi/lib/thumb/v7e-m+fp/hard\libg_nano.a(lib_a-nano-vfprintf_i.o)
 .ARM.attributes
                0x00000457       0x17 d:/tools/gcc-arm-none-eabi/10 2021.10/bin/../lib/gcc/arm-none-eabi/10.3.1/../../../../arm-none-eabi/lib/thumb/v7e-m+fp/hard\libg_nano.a(lib_a-strlen.o)
 .ARM.attributes
                0x0000046e       0x34 d:/tools/gcc-arm-none-eabi/10 2021.10/bin/../lib/gcc/arm-none-eabi/10.3.1/../../../../arm-none-eabi/lib/thumb/v7e-m+fp/hard\libg_nano.a(lib_a-dtoa.o)
 .ARM.attributes
                0x000004a2       0x34 d:/tools/gcc-arm-none-eabi/10 2021.10/bin/../lib/gcc/arm-none-eabi/10.3.1/../../../../arm-none-eabi/lib/thumb/v7e-m+fp/hard\libg_nano.a(lib_a-localeconv.o)
 .ARM.attributes
                0x000004d6       0x34 d:/tools/gcc-arm-none-eabi/10 2021.10/bin/../lib/gcc/arm-none-eabi/10.3.1/../../../../arm-none-eabi/lib/thumb/v7e-m+fp/hard\libg_nano.a(lib_a-malloc.o)
 .ARM.attributes
                0x0000050a       0x1c d:/tools/gcc-arm-none-eabi/10 2021.10/bin/../lib/gcc/arm-none-eabi/10.3.1/../../../../arm-none-eabi/lib/thumb/v7e-m+fp/hard\libg_nano.a(lib_a-memchr.o)
 .ARM.attributes
                0x00000526       0x34 d:/tools/gcc-arm-none-eabi/10 2021.10/bin/../lib/gcc/arm-none-eabi/10.3.1/../../../../arm-none-eabi/lib/thumb/v7e-m+fp/hard\libg_nano.a(lib_a-mprec.o)
 .ARM.attributes
                0x0000055a       0x34 d:/tools/gcc-arm-none-eabi/10 2021.10/bin/../lib/gcc/arm-none-eabi/10.3.1/../../../../arm-none-eabi/lib/thumb/v7e-m+fp/hard\libg_nano.a(lib_a-nano-callocr.o)
 .ARM.attributes
                0x0000058e       0x34 d:/tools/gcc-arm-none-eabi/10 2021.10/bin/../lib/gcc/arm-none-eabi/10.3.1/../../../../arm-none-eabi/lib/thumb/v7e-m+fp/hard\libg_nano.a(lib_a-nano-freer.o)
 .ARM.attributes
                0x000005c2       0x34 d:/tools/gcc-arm-none-eabi/10 2021.10/bin/../lib/gcc/arm-none-eabi/10.3.1/../../../../arm-none-eabi/lib/thumb/v7e-m+fp/hard\libg_nano.a(lib_a-nano-mallocr.o)
 .ARM.attributes
                0x000005f6       0x34 d:/tools/gcc-arm-none-eabi/10 2021.10/bin/../lib/gcc/arm-none-eabi/10.3.1/../../../../arm-none-eabi/lib/thumb/v7e-m+fp/hard\libg_nano.a(lib_a-sbrkr.o)
 .ARM.attributes
                0x0000062a       0x34 d:/tools/gcc-arm-none-eabi/10 2021.10/bin/../lib/gcc/arm-none-eabi/10.3.1/../../../../arm-none-eabi/lib/thumb/v7e-m+fp/hard\libg_nano.a(lib_a-assert.o)
 .ARM.attributes
                0x0000065e       0x34 d:/tools/gcc-arm-none-eabi/10 2021.10/bin/../lib/gcc/arm-none-eabi/10.3.1/../../../../arm-none-eabi/lib/thumb/v7e-m+fp/hard\libg_nano.a(lib_a-fprintf.o)
 .ARM.attributes
                0x00000692       0x34 d:/tools/gcc-arm-none-eabi/10 2021.10/bin/../lib/gcc/arm-none-eabi/10.3.1/../../../../arm-none-eabi/lib/thumb/v7e-m+fp/hard\libg_nano.a(lib_a-locale.o)
 .ARM.attributes
                0x000006c6       0x34 d:/tools/gcc-arm-none-eabi/10 2021.10/bin/../lib/gcc/arm-none-eabi/10.3.1/../../../../arm-none-eabi/lib/thumb/v7e-m+fp/hard\libg_nano.a(lib_a-mbtowc_r.o)
 .ARM.attributes
                0x000006fa       0x34 d:/tools/gcc-arm-none-eabi/10 2021.10/bin/../lib/gcc/arm-none-eabi/10.3.1/../../../../arm-none-eabi/lib/thumb/v7e-m+fp/hard\libg_nano.a(lib_a-mlock.o)
 .ARM.attributes
                0x0000072e       0x34 d:/tools/gcc-arm-none-eabi/10 2021.10/bin/../lib/gcc/arm-none-eabi/10.3.1/../../../../arm-none-eabi/lib/thumb/v7e-m+fp/hard\libg_nano.a(lib_a-nano-vfprintf.o)
 .ARM.attributes
                0x00000762       0x34 d:/tools/gcc-arm-none-eabi/10 2021.10/bin/../lib/gcc/arm-none-eabi/10.3.1/../../../../arm-none-eabi/lib/thumb/v7e-m+fp/hard\libg_nano.a(lib_a-reent.o)
 .ARM.attributes
                0x00000796       0x34 d:/tools/gcc-arm-none-eabi/10 2021.10/bin/../lib/gcc/arm-none-eabi/10.3.1/../../../../arm-none-eabi/lib/thumb/v7e-m+fp/hard\libg_nano.a(lib_a-wbuf.o)
 .ARM.attributes
                0x000007ca       0x34 d:/tools/gcc-arm-none-eabi/10 2021.10/bin/../lib/gcc/arm-none-eabi/10.3.1/../../../../arm-none-eabi/lib/thumb/v7e-m+fp/hard\libg_nano.a(lib_a-wctomb_r.o)
 .ARM.attributes
                0x000007fe       0x34 d:/tools/gcc-arm-none-eabi/10 2021.10/bin/../lib/gcc/arm-none-eabi/10.3.1/../../../../arm-none-eabi/lib/thumb/v7e-m+fp/hard\libg_nano.a(lib_a-wsetup.o)
 .ARM.attributes
                0x00000832       0x34 d:/tools/gcc-arm-none-eabi/10 2021.10/bin/../lib/gcc/arm-none-eabi/10.3.1/../../../../arm-none-eabi/lib/thumb/v7e-m+fp/hard\libg_nano.a(lib_a-abort.o)
 .ARM.attributes
                0x00000866       0x34 d:/tools/gcc-arm-none-eabi/10 2021.10/bin/../lib/gcc/arm-none-eabi/10.3.1/../../../../arm-none-eabi/lib/thumb/v7e-m+fp/hard\libg_nano.a(lib_a-ctype_.o)
 .ARM.attributes
                0x0000089a       0x34 d:/tools/gcc-arm-none-eabi/10 2021.10/bin/../lib/gcc/arm-none-eabi/10.3.1/../../../../arm-none-eabi/lib/thumb/v7e-m+fp/hard\libg_nano.a(lib_a-fflush.o)
 .ARM.attributes
                0x000008ce       0x34 d:/tools/gcc-arm-none-eabi/10 2021.10/bin/../lib/gcc/arm-none-eabi/10.3.1/../../../../arm-none-eabi/lib/thumb/v7e-m+fp/hard\libg_nano.a(lib_a-findfp.o)
 .ARM.attributes
                0x00000902       0x34 d:/tools/gcc-arm-none-eabi/10 2021.10/bin/../lib/gcc/arm-none-eabi/10.3.1/../../../../arm-none-eabi/lib/thumb/v7e-m+fp/hard\libg_nano.a(lib_a-fwalk.o)
 .ARM.attributes
                0x00000936       0x34 d:/tools/gcc-arm-none-eabi/10 2021.10/bin/../lib/gcc/arm-none-eabi/10.3.1/../../../../arm-none-eabi/lib/thumb/v7e-m+fp/hard\libg_nano.a(lib_a-lock.o)
 .ARM.attributes
                0x0000096a       0x34 d:/tools/gcc-arm-none-eabi/10 2021.10/bin/../lib/gcc/arm-none-eabi/10.3.1/../../../../arm-none-eabi/lib/thumb/v7e-m+fp/hard\libg_nano.a(lib_a-makebuf.o)
 .ARM.attributes
                0x0000099e       0x34 d:/tools/gcc-arm-none-eabi/10 2021.10/bin/../lib/gcc/arm-none-eabi/10.3.1/../../../../arm-none-eabi/lib/thumb/v7e-m+fp/hard\libg_nano.a(lib_a-signal.o)
 .ARM.attributes
                0x000009d2       0x34 d:/tools/gcc-arm-none-eabi/10 2021.10/bin/../lib/gcc/arm-none-eabi/10.3.1/../../../../arm-none-eabi/lib/thumb/v7e-m+fp/hard\libg_nano.a(lib_a-signalr.o)
 .ARM.attributes
                0x00000a06       0x34 d:/tools/gcc-arm-none-eabi/10 2021.10/bin/../lib/gcc/arm-none-eabi/10.3.1/../../../../arm-none-eabi/lib/thumb/v7e-m+fp/hard\libg_nano.a(lib_a-stdio.o)
 .ARM.attributes
                0x00000a3a       0x34 d:/tools/gcc-arm-none-eabi/10 2021.10/bin/../lib/gcc/arm-none-eabi/10.3.1/../../../../arm-none-eabi/lib/thumb/v7e-m+fp/hard\libg_nano.a(lib_a-writer.o)
 .ARM.attributes
                0x00000a6e       0x34 d:/tools/gcc-arm-none-eabi/10 2021.10/bin/../lib/gcc/arm-none-eabi/10.3.1/../../../../arm-none-eabi/lib/thumb/v7e-m+fp/hard\libg_nano.a(lib_a-closer.o)
 .ARM.attributes
                0x00000aa2       0x34 d:/tools/gcc-arm-none-eabi/10 2021.10/bin/../lib/gcc/arm-none-eabi/10.3.1/../../../../arm-none-eabi/lib/thumb/v7e-m+fp/hard\libg_nano.a(lib_a-fstatr.o)
 .ARM.attributes
                0x00000ad6       0x34 d:/tools/gcc-arm-none-eabi/10 2021.10/bin/../lib/gcc/arm-none-eabi/10.3.1/../../../../arm-none-eabi/lib/thumb/v7e-m+fp/hard\libg_nano.a(lib_a-isattyr.o)
 .ARM.attributes
                0x00000b0a       0x34 d:/tools/gcc-arm-none-eabi/10 2021.10/bin/../lib/gcc/arm-none-eabi/10.3.1/../../../../arm-none-eabi/lib/thumb/v7e-m+fp/hard\libg_nano.a(lib_a-lseekr.o)
 .ARM.attributes
                0x00000b3e       0x34 d:/tools/gcc-arm-none-eabi/10 2021.10/bin/../lib/gcc/arm-none-eabi/10.3.1/../../../../arm-none-eabi/lib/thumb/v7e-m+fp/hard\libg_nano.a(lib_a-readr.o)
 .ARM.attributes
                0x00000b72       0x1e d:/tools/gcc-arm-none-eabi/10 2021.10/bin/../lib/gcc/arm-none-eabi/10.3.1/thumb/v7e-m+fp/hard\libgcc.a(_arm_addsubdf3.o)
 .ARM.attributes
                0x00000b90       0x1e d:/tools/gcc-arm-none-eabi/10 2021.10/bin/../lib/gcc/arm-none-eabi/10.3.1/thumb/v7e-m+fp/hard\libgcc.a(_arm_muldivdf3.o)
 .ARM.attributes
                0x00000bae       0x1e d:/tools/gcc-arm-none-eabi/10 2021.10/bin/../lib/gcc/arm-none-eabi/10.3.1/thumb/v7e-m+fp/hard\libgcc.a(_arm_cmpdf2.o)
 .ARM.attributes
                0x00000bcc       0x1e d:/tools/gcc-arm-none-eabi/10 2021.10/bin/../lib/gcc/arm-none-eabi/10.3.1/thumb/v7e-m+fp/hard\libgcc.a(_arm_unorddf2.o)
 .ARM.attributes
                0x00000bea       0x1e d:/tools/gcc-arm-none-eabi/10 2021.10/bin/../lib/gcc/arm-none-eabi/10.3.1/thumb/v7e-m+fp/hard\libgcc.a(_arm_fixdfsi.o)
 .ARM.attributes
                0x00000c08       0x34 d:/tools/gcc-arm-none-eabi/10 2021.10/bin/../lib/gcc/arm-none-eabi/10.3.1/../../../../arm-none-eabi/lib/thumb/v7e-m+fp/hard\libnosys.a(close.o)
 .ARM.attributes
                0x00000c3c       0x34 d:/tools/gcc-arm-none-eabi/10 2021.10/bin/../lib/gcc/arm-none-eabi/10.3.1/../../../../arm-none-eabi/lib/thumb/v7e-m+fp/hard\libnosys.a(fstat.o)
 .ARM.attributes
                0x00000c70       0x34 d:/tools/gcc-arm-none-eabi/10 2021.10/bin/../lib/gcc/arm-none-eabi/10.3.1/../../../../arm-none-eabi/lib/thumb/v7e-m+fp/hard\libnosys.a(getpid.o)
 .ARM.attributes
                0x00000ca4       0x34 d:/tools/gcc-arm-none-eabi/10 2021.10/bin/../lib/gcc/arm-none-eabi/10.3.1/../../../../arm-none-eabi/lib/thumb/v7e-m+fp/hard\libnosys.a(isatty.o)
 .ARM.attributes
                0x00000cd8       0x34 d:/tools/gcc-arm-none-eabi/10 2021.10/bin/../lib/gcc/arm-none-eabi/10.3.1/../../../../arm-none-eabi/lib/thumb/v7e-m+fp/hard\libnosys.a(kill.o)
 .ARM.attributes
                0x00000d0c       0x34 d:/tools/gcc-arm-none-eabi/10 2021.10/bin/../lib/gcc/arm-none-eabi/10.3.1/../../../../arm-none-eabi/lib/thumb/v7e-m+fp/hard\libnosys.a(lseek.o)
 .ARM.attributes
                0x00000d40       0x34 d:/tools/gcc-arm-none-eabi/10 2021.10/bin/../lib/gcc/arm-none-eabi/10.3.1/../../../../arm-none-eabi/lib/thumb/v7e-m+fp/hard\libnosys.a(read.o)
 .ARM.attributes
                0x00000d74       0x34 d:/tools/gcc-arm-none-eabi/10 2021.10/bin/../lib/gcc/arm-none-eabi/10.3.1/../../../../arm-none-eabi/lib/thumb/v7e-m+fp/hard\libnosys.a(sbrk.o)
 .ARM.attributes
                0x00000da8       0x34 d:/tools/gcc-arm-none-eabi/10 2021.10/bin/../lib/gcc/arm-none-eabi/10.3.1/../../../../arm-none-eabi/lib/thumb/v7e-m+fp/hard\libnosys.a(write.o)
 .ARM.attributes
                0x00000ddc       0x34 d:/tools/gcc-arm-none-eabi/10 2021.10/bin/../lib/gcc/arm-none-eabi/10.3.1/../../../../arm-none-eabi/lib/thumb/v7e-m+fp/hard\libnosys.a(_exit.o)
 .ARM.attributes
                0x00000e10       0x1e d:/tools/gcc-arm-none-eabi/10 2021.10/bin/../lib/gcc/arm-none-eabi/10.3.1/thumb/v7e-m+fp/hard/crtn.o
OUTPUT(at32-clion-template.elf elf32-littlearm)
LOAD linker stubs
LOAD d:/tools/gcc-arm-none-eabi/10 2021.10/bin/../lib/gcc/arm-none-eabi/10.3.1/../../../../arm-none-eabi/lib/thumb/v7e-m+fp/hard\libc.a
LOAD d:/tools/gcc-arm-none-eabi/10 2021.10/bin/../lib/gcc/arm-none-eabi/10.3.1/../../../../arm-none-eabi/lib/thumb/v7e-m+fp/hard\libm.a
LOAD d:/tools/gcc-arm-none-eabi/10 2021.10/bin/../lib/gcc/arm-none-eabi/10.3.1/thumb/v7e-m+fp/hard\libgcc.a

.debug_info     0x00000000     0x96f6
 .debug_info    0x00000000       0x94 CMakeFiles/at32-clion-template.elf.dir/applications/src/main.c.obj
 .debug_info    0x00000094     0x12ee CMakeFiles/at32-clion-template.elf.dir/applications/src/at32f435_437_clock.c.obj
 .debug_info    0x00001382       0xdc CMakeFiles/at32-clion-template.elf.dir/applications/src/at32f435_437_int.c.obj
 .debug_info    0x0000145e       0x22 CMakeFiles/at32-clion-template.elf.dir/applications/src/startup_at32f435_437.s.obj
 .debug_info    0x00001480     0x2000 CMakeFiles/at32-clion-template.elf.dir/libraries/cmsis/cm4/device_support/system_at32f435_437.c.obj
 .debug_info    0x00003480      0x14b CMakeFiles/at32-clion-template.elf.dir/applications/src/freertos.c.obj
 .debug_info    0x000035cb       0xb3 CMakeFiles/at32-clion-template.elf.dir/applications/src/startup_task.c.obj
 .debug_info    0x0000367e     0x3108 CMakeFiles/at32-clion-template.elf.dir/libraries/drivers/src/at32f435_437_crm.c.obj
 .debug_info    0x00006786      0x2cc CMakeFiles/at32-clion-template.elf.dir/middlewares/FreeRTOS/list.c.obj
 .debug_info    0x00006a52      0x58d CMakeFiles/at32-clion-template.elf.dir/middlewares/FreeRTOS/portable/GCC/ARM_CM4F/port.c.obj
 .debug_info    0x00006fdf      0x5d5 CMakeFiles/at32-clion-template.elf.dir/middlewares/FreeRTOS/portable/MemMang/heap_4.c.obj
 .debug_info    0x000075b4     0x2142 CMakeFiles/at32-clion-template.elf.dir/middlewares/FreeRTOS/tasks.c.obj

.debug_abbrev   0x00000000      0xf5f
 .debug_abbrev  0x00000000       0x49 CMakeFiles/at32-clion-template.elf.dir/applications/src/main.c.obj
 .debug_abbrev  0x00000049      0x1be CMakeFiles/at32-clion-template.elf.dir/applications/src/at32f435_437_clock.c.obj
 .debug_abbrev  0x00000207       0x47 CMakeFiles/at32-clion-template.elf.dir/applications/src/at32f435_437_int.c.obj
 .debug_abbrev  0x0000024e       0x12 CMakeFiles/at32-clion-template.elf.dir/applications/src/startup_at32f435_437.s.obj
 .debug_abbrev  0x00000260      0x18a CMakeFiles/at32-clion-template.elf.dir/libraries/cmsis/cm4/device_support/system_at32f435_437.c.obj
 .debug_abbrev  0x000003ea       0xcc CMakeFiles/at32-clion-template.elf.dir/applications/src/freertos.c.obj
 .debug_abbrev  0x000004b6       0x72 CMakeFiles/at32-clion-template.elf.dir/applications/src/startup_task.c.obj
 .debug_abbrev  0x00000528      0x264 CMakeFiles/at32-clion-template.elf.dir/libraries/drivers/src/at32f435_437_crm.c.obj
 .debug_abbrev  0x0000078c       0xeb CMakeFiles/at32-clion-template.elf.dir/middlewares/FreeRTOS/list.c.obj
 .debug_abbrev  0x00000877      0x20b CMakeFiles/at32-clion-template.elf.dir/middlewares/FreeRTOS/portable/GCC/ARM_CM4F/port.c.obj
 .debug_abbrev  0x00000a82      0x1f5 CMakeFiles/at32-clion-template.elf.dir/middlewares/FreeRTOS/portable/MemMang/heap_4.c.obj
 .debug_abbrev  0x00000c77      0x2e8 CMakeFiles/at32-clion-template.elf.dir/middlewares/FreeRTOS/tasks.c.obj

.debug_aranges  0x00000000      0x548
 .debug_aranges
                0x00000000       0x20 CMakeFiles/at32-clion-template.elf.dir/applications/src/main.c.obj
 .debug_aranges
                0x00000020       0x20 CMakeFiles/at32-clion-template.elf.dir/applications/src/at32f435_437_clock.c.obj
 .debug_aranges
                0x00000040       0x48 CMakeFiles/at32-clion-template.elf.dir/applications/src/at32f435_437_int.c.obj
 .debug_aranges
                0x00000088       0x28 CMakeFiles/at32-clion-template.elf.dir/applications/src/startup_at32f435_437.s.obj
 .debug_aranges
                0x000000b0       0x28 CMakeFiles/at32-clion-template.elf.dir/libraries/cmsis/cm4/device_support/system_at32f435_437.c.obj
 .debug_aranges
                0x000000d8       0x28 CMakeFiles/at32-clion-template.elf.dir/applications/src/freertos.c.obj
 .debug_aranges
                0x00000100       0x20 CMakeFiles/at32-clion-template.elf.dir/applications/src/startup_task.c.obj
 .debug_aranges
                0x00000120      0x138 CMakeFiles/at32-clion-template.elf.dir/libraries/drivers/src/at32f435_437_crm.c.obj
 .debug_aranges
                0x00000258       0x40 CMakeFiles/at32-clion-template.elf.dir/middlewares/FreeRTOS/list.c.obj
 .debug_aranges
                0x00000298       0x80 CMakeFiles/at32-clion-template.elf.dir/middlewares/FreeRTOS/portable/GCC/ARM_CM4F/port.c.obj
 .debug_aranges
                0x00000318       0x68 CMakeFiles/at32-clion-template.elf.dir/middlewares/FreeRTOS/portable/MemMang/heap_4.c.obj
 .debug_aranges
                0x00000380      0x1c8 CMakeFiles/at32-clion-template.elf.dir/middlewares/FreeRTOS/tasks.c.obj

.debug_ranges   0x00000000      0x490
 .debug_ranges  0x00000000       0x10 CMakeFiles/at32-clion-template.elf.dir/applications/src/main.c.obj
 .debug_ranges  0x00000010       0x10 CMakeFiles/at32-clion-template.elf.dir/applications/src/at32f435_437_clock.c.obj
 .debug_ranges  0x00000020       0x38 CMakeFiles/at32-clion-template.elf.dir/applications/src/at32f435_437_int.c.obj
 .debug_ranges  0x00000058       0x20 CMakeFiles/at32-clion-template.elf.dir/applications/src/startup_at32f435_437.s.obj
 .debug_ranges  0x00000078       0x18 CMakeFiles/at32-clion-template.elf.dir/libraries/cmsis/cm4/device_support/system_at32f435_437.c.obj
 .debug_ranges  0x00000090       0x18 CMakeFiles/at32-clion-template.elf.dir/applications/src/freertos.c.obj
 .debug_ranges  0x000000a8       0x10 CMakeFiles/at32-clion-template.elf.dir/applications/src/startup_task.c.obj
 .debug_ranges  0x000000b8      0x128 CMakeFiles/at32-clion-template.elf.dir/libraries/drivers/src/at32f435_437_crm.c.obj
 .debug_ranges  0x000001e0       0x30 CMakeFiles/at32-clion-template.elf.dir/middlewares/FreeRTOS/list.c.obj
 .debug_ranges  0x00000210       0x70 CMakeFiles/at32-clion-template.elf.dir/middlewares/FreeRTOS/portable/GCC/ARM_CM4F/port.c.obj
 .debug_ranges  0x00000280       0x58 CMakeFiles/at32-clion-template.elf.dir/middlewares/FreeRTOS/portable/MemMang/heap_4.c.obj
 .debug_ranges  0x000002d8      0x1b8 CMakeFiles/at32-clion-template.elf.dir/middlewares/FreeRTOS/tasks.c.obj

.debug_macro    0x00000000     0x6ce1
 .debug_macro   0x00000000      0x284 CMakeFiles/at32-clion-template.elf.dir/applications/src/main.c.obj
 .debug_macro   0x00000284      0xa78 CMakeFiles/at32-clion-template.elf.dir/applications/src/main.c.obj
 .debug_macro   0x00000cfc       0x63 CMakeFiles/at32-clion-template.elf.dir/applications/src/main.c.obj
 .debug_macro   0x00000d5f       0x22 CMakeFiles/at32-clion-template.elf.dir/applications/src/main.c.obj
 .debug_macro   0x00000d81       0x8e CMakeFiles/at32-clion-template.elf.dir/applications/src/main.c.obj
 .debug_macro   0x00000e0f       0x51 CMakeFiles/at32-clion-template.elf.dir/applications/src/main.c.obj
 .debug_macro   0x00000e60      0x103 CMakeFiles/at32-clion-template.elf.dir/applications/src/main.c.obj
 .debug_macro   0x00000f63       0x6a CMakeFiles/at32-clion-template.elf.dir/applications/src/main.c.obj
 .debug_macro   0x00000fcd      0x1df CMakeFiles/at32-clion-template.elf.dir/applications/src/main.c.obj
 .debug_macro   0x000011ac       0x1c CMakeFiles/at32-clion-template.elf.dir/applications/src/main.c.obj
 .debug_macro   0x000011c8       0x22 CMakeFiles/at32-clion-template.elf.dir/applications/src/main.c.obj
 .debug_macro   0x000011ea       0xfb CMakeFiles/at32-clion-template.elf.dir/applications/src/main.c.obj
 .debug_macro   0x000012e5     0x1011 CMakeFiles/at32-clion-template.elf.dir/applications/src/main.c.obj
 .debug_macro   0x000022f6      0x11f CMakeFiles/at32-clion-template.elf.dir/applications/src/main.c.obj
 .debug_macro   0x00002415       0x16 CMakeFiles/at32-clion-template.elf.dir/applications/src/main.c.obj
 .debug_macro   0x0000242b      0x4b8 CMakeFiles/at32-clion-template.elf.dir/applications/src/main.c.obj
 .debug_macro   0x000028e3       0x1c CMakeFiles/at32-clion-template.elf.dir/applications/src/main.c.obj
 .debug_macro   0x000028ff       0xca CMakeFiles/at32-clion-template.elf.dir/applications/src/main.c.obj
 .debug_macro   0x000029c9       0xa7 CMakeFiles/at32-clion-template.elf.dir/applications/src/main.c.obj
 .debug_macro   0x00002a70       0xf1 CMakeFiles/at32-clion-template.elf.dir/applications/src/main.c.obj
 .debug_macro   0x00002b61       0xb9 CMakeFiles/at32-clion-template.elf.dir/applications/src/main.c.obj
 .debug_macro   0x00002c1a       0xa8 CMakeFiles/at32-clion-template.elf.dir/applications/src/main.c.obj
 .debug_macro   0x00002cc2       0xaf CMakeFiles/at32-clion-template.elf.dir/applications/src/main.c.obj
 .debug_macro   0x00002d71       0xa7 CMakeFiles/at32-clion-template.elf.dir/applications/src/main.c.obj
 .debug_macro   0x00002e18       0x35 CMakeFiles/at32-clion-template.elf.dir/applications/src/main.c.obj
 .debug_macro   0x00002e4d      0x138 CMakeFiles/at32-clion-template.elf.dir/applications/src/main.c.obj
 .debug_macro   0x00002f85       0x68 CMakeFiles/at32-clion-template.elf.dir/applications/src/main.c.obj
 .debug_macro   0x00002fed       0x1d CMakeFiles/at32-clion-template.elf.dir/applications/src/main.c.obj
 .debug_macro   0x0000300a       0x7c CMakeFiles/at32-clion-template.elf.dir/applications/src/main.c.obj
 .debug_macro   0x00003086      0x2bf CMakeFiles/at32-clion-template.elf.dir/applications/src/main.c.obj
 .debug_macro   0x00003345       0xb3 CMakeFiles/at32-clion-template.elf.dir/applications/src/main.c.obj
 .debug_macro   0x000033f8      0x136 CMakeFiles/at32-clion-template.elf.dir/applications/src/main.c.obj
 .debug_macro   0x0000352e       0x11 CMakeFiles/at32-clion-template.elf.dir/applications/src/main.c.obj
 .debug_macro   0x0000353f       0x16 CMakeFiles/at32-clion-template.elf.dir/applications/src/main.c.obj
 .debug_macro   0x00003555       0x23 CMakeFiles/at32-clion-template.elf.dir/applications/src/main.c.obj
 .debug_macro   0x00003578       0xa1 CMakeFiles/at32-clion-template.elf.dir/applications/src/main.c.obj
 .debug_macro   0x00003619      0x12c CMakeFiles/at32-clion-template.elf.dir/applications/src/main.c.obj
 .debug_macro   0x00003745       0x2d CMakeFiles/at32-clion-template.elf.dir/applications/src/main.c.obj
 .debug_macro   0x00003772       0x41 CMakeFiles/at32-clion-template.elf.dir/applications/src/main.c.obj
 .debug_macro   0x000037b3       0x16 CMakeFiles/at32-clion-template.elf.dir/applications/src/main.c.obj
 .debug_macro   0x000037c9      0x298 CMakeFiles/at32-clion-template.elf.dir/applications/src/main.c.obj
 .debug_macro   0x00003a61       0x2a CMakeFiles/at32-clion-template.elf.dir/applications/src/main.c.obj
 .debug_macro   0x00003a8b       0x1d CMakeFiles/at32-clion-template.elf.dir/applications/src/main.c.obj
 .debug_macro   0x00003aa8      0x2f5 CMakeFiles/at32-clion-template.elf.dir/applications/src/main.c.obj
 .debug_macro   0x00003d9d       0x6b CMakeFiles/at32-clion-template.elf.dir/applications/src/main.c.obj
 .debug_macro   0x00003e08      0x44d CMakeFiles/at32-clion-template.elf.dir/applications/src/main.c.obj
 .debug_macro   0x00004255      0x174 CMakeFiles/at32-clion-template.elf.dir/applications/src/main.c.obj
 .debug_macro   0x000043c9       0x16 CMakeFiles/at32-clion-template.elf.dir/applications/src/main.c.obj
 .debug_macro   0x000043df       0xa0 CMakeFiles/at32-clion-template.elf.dir/applications/src/main.c.obj
 .debug_macro   0x0000447f       0x22 CMakeFiles/at32-clion-template.elf.dir/applications/src/main.c.obj
 .debug_macro   0x000044a1      0x182 CMakeFiles/at32-clion-template.elf.dir/applications/src/main.c.obj
 .debug_macro   0x00004623       0xee CMakeFiles/at32-clion-template.elf.dir/applications/src/main.c.obj
 .debug_macro   0x00004711       0x2e CMakeFiles/at32-clion-template.elf.dir/applications/src/main.c.obj
 .debug_macro   0x0000473f       0x1f CMakeFiles/at32-clion-template.elf.dir/applications/src/main.c.obj
 .debug_macro   0x0000475e       0x12 CMakeFiles/at32-clion-template.elf.dir/applications/src/main.c.obj
 .debug_macro   0x00004770     0x112e CMakeFiles/at32-clion-template.elf.dir/applications/src/main.c.obj
 .debug_macro   0x0000589e       0xc3 CMakeFiles/at32-clion-template.elf.dir/applications/src/main.c.obj
 .debug_macro   0x00005961      0x14f CMakeFiles/at32-clion-template.elf.dir/applications/src/main.c.obj
 .debug_macro   0x00005ab0       0x10 CMakeFiles/at32-clion-template.elf.dir/applications/src/main.c.obj
 .debug_macro   0x00005ac0      0x1ef CMakeFiles/at32-clion-template.elf.dir/applications/src/at32f435_437_clock.c.obj
 .debug_macro   0x00005caf      0x1ef CMakeFiles/at32-clion-template.elf.dir/applications/src/at32f435_437_int.c.obj
 .debug_macro   0x00005e9e      0x1eb CMakeFiles/at32-clion-template.elf.dir/libraries/cmsis/cm4/device_support/system_at32f435_437.c.obj
 .debug_macro   0x00006089       0xf8 CMakeFiles/at32-clion-template.elf.dir/applications/src/freertos.c.obj
 .debug_macro   0x00006181       0xe9 CMakeFiles/at32-clion-template.elf.dir/applications/src/startup_task.c.obj
 .debug_macro   0x0000626a      0x1e5 CMakeFiles/at32-clion-template.elf.dir/libraries/drivers/src/at32f435_437_crm.c.obj
 .debug_macro   0x0000644f      0x193 CMakeFiles/at32-clion-template.elf.dir/middlewares/FreeRTOS/list.c.obj
 .debug_macro   0x000065e2      0x1cf CMakeFiles/at32-clion-template.elf.dir/middlewares/FreeRTOS/portable/GCC/ARM_CM4F/port.c.obj
 .debug_macro   0x000067b1      0x223 CMakeFiles/at32-clion-template.elf.dir/middlewares/FreeRTOS/portable/MemMang/heap_4.c.obj
 .debug_macro   0x000069d4       0x16 CMakeFiles/at32-clion-template.elf.dir/middlewares/FreeRTOS/portable/MemMang/heap_4.c.obj
 .debug_macro   0x000069ea       0x35 CMakeFiles/at32-clion-template.elf.dir/middlewares/FreeRTOS/portable/MemMang/heap_4.c.obj